[    0.000000] microcode: microcode updated early to revision 0xd6, date = 2020-04-27
[    0.000000] Linux version 5.4.0-7642-generic (buildd@lcy01-amd64-007) (gcc version 9.3.0 (Ubuntu 9.3.0-10ubuntu2)) #46~1598628707~20.04~040157c-Ubuntu SMP Fri Aug 28 18:02:16 UTC  (Ubuntu 5.4.0-7642.46~1598628707~20.04~040157c-generic 5.4.44)
[    0.000000] Command line: initrd=\EFI\Pop_OS-d0863328-90ee-444a-a635-7256987b411c\initrd.img root=UUID=d0863328-90ee-444a-a635-7256987b411c ro quiet loglevel=0 systemd.show_status=false splash
[    0.000000] KERNEL supported cpus:
[    0.000000]   Intel GenuineIntel
[    0.000000]   AMD AuthenticAMD
[    0.000000]   Hygon HygonGenuine
[    0.000000]   Centaur CentaurHauls
[    0.000000]   zhaoxin   Shanghai  
[    0.000000] x86/fpu: Supporting XSAVE feature 0x001: 'x87 floating point registers'
[    0.000000] x86/fpu: Supporting XSAVE feature 0x002: 'SSE registers'
[    0.000000] x86/fpu: Supporting XSAVE feature 0x004: 'AVX registers'
[    0.000000] x86/fpu: Supporting XSAVE feature 0x008: 'MPX bounds registers'
[    0.000000] x86/fpu: Supporting XSAVE feature 0x010: 'MPX CSR'
[    0.000000] x86/fpu: xstate_offset[2]:  576, xstate_sizes[2]:  256
[    0.000000] x86/fpu: xstate_offset[3]:  832, xstate_sizes[3]:   64
[    0.000000] x86/fpu: xstate_offset[4]:  896, xstate_sizes[4]:   64
[    0.000000] x86/fpu: Enabled xstate features 0x1f, context size is 960 bytes, using 'compacted' format.
[    0.000000] BIOS-provided physical RAM map:
[    0.000000] BIOS-e820: [mem 0x0000000000000000-0x000000000009efff] usable
[    0.000000] BIOS-e820: [mem 0x000000000009f000-0x00000000000fffff] reserved
[    0.000000] BIOS-e820: [mem 0x0000000000100000-0x000000006f2e6fff] usable
[    0.000000] BIOS-e820: [mem 0x000000006f2e7000-0x000000006f2e8fff] reserved
[    0.000000] BIOS-e820: [mem 0x000000006f2e9000-0x000000006fa4efff] usable
[    0.000000] BIOS-e820: [mem 0x000000006fa4f000-0x000000006fa4ffff] reserved
[    0.000000] BIOS-e820: [mem 0x000000006fa50000-0x00000000aaf02fff] usable
[    0.000000] BIOS-e820: [mem 0x00000000aaf03000-0x00000000afa61fff] reserved
[    0.000000] BIOS-e820: [mem 0x00000000afa62000-0x00000000afca9fff] ACPI NVS
[    0.000000] BIOS-e820: [mem 0x00000000afcaa000-0x00000000afd0efff] ACPI data
[    0.000000] BIOS-e820: [mem 0x00000000afd0f000-0x00000000afd0ffff] usable
[    0.000000] BIOS-e820: [mem 0x00000000afd10000-0x00000000b7ffffff] reserved
[    0.000000] BIOS-e820: [mem 0x00000000b8000000-0x00000000b87fffff] usable
[    0.000000] BIOS-e820: [mem 0x00000000b8800000-0x00000000bf7fffff] reserved
[    0.000000] BIOS-e820: [mem 0x00000000fe010000-0x00000000fe010fff] reserved
[    0.000000] BIOS-e820: [mem 0x0000000100000000-0x000000103e7fffff] usable
[    0.000000] NX (Execute Disable) protection: active
[    0.000000] efi: EFI v2.60 by Lenovo
[    0.000000] efi:  TPMFinalLog=0xafca2000  SMBIOS=0xad77e000  SMBIOS 3.0=0xad771000  ACPI=0xafd0e000  ACPI 2.0=0xafd0e014  MEMATTR=0xa5686018  ESRT=0xab568000  TPMEventLog=0xa0663018 
[    0.000000] secureboot: Secure boot disabled
[    0.000000] SMBIOS 3.1.1 present.
[    0.000000] DMI: LENOVO 20QV000DUS/20QV000DUS, BIOS N2OET44W (1.31 ) 05/07/2020
[    0.000000] tsc: Detected 2600.000 MHz processor
[    0.000010] tsc: Detected 2599.992 MHz TSC
[    0.000010] e820: update [mem 0x00000000-0x00000fff] usable ==> reserved
[    0.000012] e820: remove [mem 0x000a0000-0x000fffff] usable
[    0.000017] last_pfn = 0x103e800 max_arch_pfn = 0x400000000
[    0.000021] MTRR default type: write-back
[    0.000022] MTRR fixed ranges enabled:
[    0.000023]   00000-9FFFF write-back
[    0.000024]   A0000-BFFFF uncachable
[    0.000025]   C0000-FFFFF write-protect
[    0.000025] MTRR variable ranges enabled:
[    0.000027]   0 base 00C0000000 mask 7FC0000000 uncachable
[    0.000028]   1 base 00BC000000 mask 7FFC000000 uncachable
[    0.000028]   2 base 00BB000000 mask 7FFF000000 uncachable
[    0.000029]   3 base 2000000000 mask 6000000000 uncachable
[    0.000030]   4 base 4000000000 mask 4000000000 uncachable
[    0.000031]   5 disabled
[    0.000031]   6 disabled
[    0.000031]   7 disabled
[    0.000032]   8 disabled
[    0.000032]   9 disabled
[    0.000547] x86/PAT: Configuration [0-7]: WB  WC  UC- UC  WB  WP  UC- WT  
[    0.000734] last_pfn = 0xb8800 max_arch_pfn = 0x400000000
[    0.008999] esrt: Reserving ESRT space from 0x00000000ab568000 to 0x00000000ab5680b0.
[    0.009009] check: Scanning 1 areas for low memory corruption
[    0.009013] Using GB pages for direct mapping
[    0.009015] BRK [0xb60201000, 0xb60201fff] PGTABLE
[    0.009016] BRK [0xb60202000, 0xb60202fff] PGTABLE
[    0.009017] BRK [0xb60203000, 0xb60203fff] PGTABLE
[    0.009044] BRK [0xb60204000, 0xb60204fff] PGTABLE
[    0.009046] BRK [0xb60205000, 0xb60205fff] PGTABLE
[    0.009123] BRK [0xb60206000, 0xb60206fff] PGTABLE
[    0.009142] BRK [0xb60207000, 0xb60207fff] PGTABLE
[    0.009187] BRK [0xb60208000, 0xb60208fff] PGTABLE
[    0.009227] BRK [0xb60209000, 0xb60209fff] PGTABLE
[    0.009252] BRK [0xb6020a000, 0xb6020afff] PGTABLE
[    0.009290] BRK [0xb6020b000, 0xb6020bfff] PGTABLE
[    0.009350] secureboot: Secure boot disabled
[    0.009351] RAMDISK: [mem 0x7af27000-0x7fffefff]
[    0.009365] ACPI: Early table checksum verification disabled
[    0.009369] ACPI: RSDP 0x00000000AFD0E014 000024 (v02 LENOVO)
[    0.009372] ACPI: XSDT 0x00000000AFD0C188 00012C (v01 LENOVO TP-N2O   00001031 PTEC 00000002)
[    0.009378] ACPI: FACP 0x00000000AD587000 000114 (v06 LENOVO TP-N2O   00001031 PTEC 00000002)
[    0.009382] ACPI: DSDT 0x00000000AD55B000 02728D (v02 LENOVO CFL      20170001 INTL 20160422)
[    0.009385] ACPI: FACS 0x00000000AFAE2000 000040
[    0.009387] ACPI: SSDT 0x00000000AD5E1000 001B26 (v02 LENOVO CpuSsdt  00003000 INTL 20160527)
[    0.009390] ACPI: SSDT 0x00000000AD5E0000 00056D (v02 LENOVO CtdpB    00001000 INTL 20160527)
[    0.009393] ACPI: SSDT 0x00000000AD5A5000 0052DF (v02 LENOVO DptfTabl 00001000 INTL 20160527)
[    0.009395] ACPI: SSDT 0x00000000AD58F000 00313D (v02 LENOVO SaSsdt   00003000 INTL 20160527)
[    0.009398] ACPI: SSDT 0x00000000AD58C000 002A63 (v02 LENOVO PegSsdt  00001000 INTL 20160527)
[    0.009401] ACPI: SSDT 0x00000000AD58B000 000612 (v02 LENOVO Tpm2Tabl 00001000 INTL 20160527)
[    0.009403] ACPI: TPM2 0x00000000AD58A000 000034 (v04 LENOVO TP-N2O   00001031 PTEC 00000002)
[    0.009406] ACPI: UEFI 0x00000000AFB03000 000042 (v01 LENOVO TP-N2O   00001031 PTEC 00000002)
[    0.009408] ACPI: SSDT 0x00000000AD588000 000530 (v02 LENOVO PerfTune 00001000 INTL 20160527)
[    0.009411] ACPI: HPET 0x00000000AD586000 000038 (v01 LENOVO TP-N2O   00001031 PTEC 00000002)
[    0.009413] ACPI: APIC 0x00000000AD585000 00012C (v03 LENOVO TP-N2O   00001031 PTEC 00000002)
[    0.009416] ACPI: MCFG 0x00000000AD584000 00003C (v01 LENOVO TP-N2O   00001031 PTEC 00000002)
[    0.009419] ACPI: ECDT 0x00000000AD583000 000053 (v01 LENOVO TP-N2O   00001031 PTEC 00000002)
[    0.009421] ACPI: SSDT 0x00000000AD559000 001A93 (v02 LENOVO CflH_Tbt 00001000 INTL 20160527)
[    0.009424] ACPI: SSDT 0x00000000AD556000 002988 (v02 LENOVO ProjSsdt 00000010 INTL 20160527)
[    0.009426] ACPI: BOOT 0x00000000AD555000 000028 (v01 LENOVO TP-N2O   00001031 PTEC 00000002)
[    0.009429] ACPI: SLIC 0x00000000AD553000 000176 (v01 LENOVO TP-N2O   00001031 PTEC 00000002)
[    0.009431] ACPI: SSDT 0x00000000AD552000 000EE9 (v02 LENOVO UsbCTabl 00001000 INTL 20160527)
[    0.009434] ACPI: LPIT 0x00000000AD551000 000094 (v01 LENOVO TP-N2O   00001031 PTEC 00000002)
[    0.009436] ACPI: WSMT 0x00000000AD550000 000028 (v01 LENOVO TP-N2O   00001031 PTEC 00000002)
[    0.009439] ACPI: SSDT 0x00000000AD54E000 00167F (v02 LENOVO TbtTypeC 00000000 INTL 20160527)
[    0.009441] ACPI: DBGP 0x00000000AD54D000 000034 (v01 LENOVO TP-N2O   00001031 PTEC 00000002)
[    0.009444] ACPI: DBG2 0x00000000AD54C000 000054 (v00 LENOVO TP-N2O   00001031 PTEC 00000002)
[    0.009446] ACPI: MSDM 0x00000000AD54B000 000055 (v03 LENOVO TP-N2O   00001031 PTEC 00000002)
[    0.009448] ACPI: BATB 0x00000000AD36E000 00004A (v02 LENOVO TP-N2O   00001031 PTEC 00000002)
[    0.009451] ACPI: SSDT 0x00000000AB566000 001B7C (v01 LENOVO NvOptTbl 00001000 INTL 20160527)
[    0.009453] ACPI: NHLT 0x00000000AB564000 00002D (v00 LENOVO TP-N2O   00001031 PTEC 00000002)
[    0.009456] ACPI: SSDT 0x00000000AB563000 0000AE (v02 LENOVO SgPeg    00001000 INTL 20160527)
[    0.009458] ACPI: DMAR 0x00000000AD554000 0000A8 (v01 LENOVO TP-N2O   00001031 PTEC 00000002)
[    0.009461] ACPI: FPDT 0x00000000AB562000 000044 (v01 LENOVO TP-N2O   00001031 PTEC 00000002)
[    0.009463] ACPI: BGRT 0x00000000AB561000 000038 (v01 LENOVO TP-N2O   00001031 PTEC 00000002)
[    0.009466] ACPI: UEFI 0x00000000AFAAE000 00012A (v01 LENOVO TP-N2O   00001031 PTEC 00000002)
[    0.009475] ACPI: Local APIC address 0xfee00000
[    0.009645] No NUMA configuration found
[    0.009645] Faking a node at [mem 0x0000000000000000-0x000000103e7fffff]
[    0.009655] NODE_DATA(0) allocated [mem 0x103e7d5000-0x103e7fffff]
[    0.009902] Zone ranges:
[    0.009903]   DMA      [mem 0x0000000000001000-0x0000000000ffffff]
[    0.009904]   DMA32    [mem 0x0000000001000000-0x00000000ffffffff]
[    0.009905]   Normal   [mem 0x0000000100000000-0x000000103e7fffff]
[    0.009906]   Device   empty
[    0.009907] Movable zone start for each node
[    0.009910] Early memory node ranges
[    0.009910]   node   0: [mem 0x0000000000001000-0x000000000009efff]
[    0.009911]   node   0: [mem 0x0000000000100000-0x000000006f2e6fff]
[    0.009912]   node   0: [mem 0x000000006f2e9000-0x000000006fa4efff]
[    0.009913]   node   0: [mem 0x000000006fa50000-0x00000000aaf02fff]
[    0.009913]   node   0: [mem 0x00000000afd0f000-0x00000000afd0ffff]
[    0.009914]   node   0: [mem 0x00000000b8000000-0x00000000b87fffff]
[    0.009915]   node   0: [mem 0x0000000100000000-0x000000103e7fffff]
[    0.010302] Zeroed struct page in unavailable ranges: 57697 pages
[    0.010303] Initmem setup node 0 [mem 0x0000000000001000-0x000000103e7fffff]
[    0.010304] On node 0 totalpages: 16686751
[    0.010305]   DMA zone: 64 pages used for memmap
[    0.010306]   DMA zone: 21 pages reserved
[    0.010307]   DMA zone: 3998 pages, LIFO batch:0
[    0.010346]   DMA32 zone: 10909 pages used for memmap
[    0.010347]   DMA32 zone: 698113 pages, LIFO batch:63
[    0.018773]   Normal zone: 249760 pages used for memmap
[    0.018774]   Normal zone: 15984640 pages, LIFO batch:63
[    0.170377] x86/hpet: Will disable the HPET for this platform because it's not reliable
[    0.170415] Reserving Intel graphics memory at [mem 0xbb800000-0xbf7fffff]
[    0.170967] ACPI: PM-Timer IO Port: 0x1808
[    0.170968] ACPI: Local APIC address 0xfee00000
[    0.170975] ACPI: LAPIC_NMI (acpi_id[0x01] high edge lint[0x1])
[    0.170975] ACPI: LAPIC_NMI (acpi_id[0x02] high edge lint[0x1])
[    0.170976] ACPI: LAPIC_NMI (acpi_id[0x03] high edge lint[0x1])
[    0.170977] ACPI: LAPIC_NMI (acpi_id[0x04] high edge lint[0x1])
[    0.170977] ACPI: LAPIC_NMI (acpi_id[0x05] high edge lint[0x1])
[    0.170978] ACPI: LAPIC_NMI (acpi_id[0x06] high edge lint[0x1])
[    0.170978] ACPI: LAPIC_NMI (acpi_id[0x07] high edge lint[0x1])
[    0.170979] ACPI: LAPIC_NMI (acpi_id[0x08] high edge lint[0x1])
[    0.170979] ACPI: LAPIC_NMI (acpi_id[0x09] high edge lint[0x1])
[    0.170980] ACPI: LAPIC_NMI (acpi_id[0x0a] high edge lint[0x1])
[    0.170980] ACPI: LAPIC_NMI (acpi_id[0x0b] high edge lint[0x1])
[    0.170981] ACPI: LAPIC_NMI (acpi_id[0x0c] high edge lint[0x1])
[    0.170981] ACPI: LAPIC_NMI (acpi_id[0x0d] high edge lint[0x1])
[    0.170982] ACPI: LAPIC_NMI (acpi_id[0x0e] high edge lint[0x1])
[    0.170983] ACPI: LAPIC_NMI (acpi_id[0x0f] high edge lint[0x1])
[    0.170983] ACPI: LAPIC_NMI (acpi_id[0x10] high edge lint[0x1])
[    0.171028] IOAPIC[0]: apic_id 2, version 32, address 0xfec00000, GSI 0-119
[    0.171030] ACPI: INT_SRC_OVR (bus 0 bus_irq 0 global_irq 2 dfl dfl)
[    0.171031] ACPI: INT_SRC_OVR (bus 0 bus_irq 9 global_irq 9 high level)
[    0.171033] ACPI: IRQ0 used by override.
[    0.171034] ACPI: IRQ9 used by override.
[    0.171036] Using ACPI (MADT) for SMP configuration information
[    0.171037] ACPI: HPET id: 0x8086a201 base: 0xfed00000
[    0.171046] e820: update [mem 0xa496e000-0xa49fefff] usable ==> reserved
[    0.171054] smpboot: Allowing 12 CPUs, 0 hotplug CPUs
[    0.171069] PM: Registered nosave memory: [mem 0x00000000-0x00000fff]
[    0.171070] PM: Registered nosave memory: [mem 0x0009f000-0x000fffff]
[    0.171072] PM: Registered nosave memory: [mem 0x6f2e7000-0x6f2e8fff]
[    0.171073] PM: Registered nosave memory: [mem 0x6fa4f000-0x6fa4ffff]
[    0.171075] PM: Registered nosave memory: [mem 0xa496e000-0xa49fefff]
[    0.171076] PM: Registered nosave memory: [mem 0xaaf03000-0xafa61fff]
[    0.171076] PM: Registered nosave memory: [mem 0xafa62000-0xafca9fff]
[    0.171077] PM: Registered nosave memory: [mem 0xafcaa000-0xafd0efff]
[    0.171078] PM: Registered nosave memory: [mem 0xafd10000-0xb7ffffff]
[    0.171080] PM: Registered nosave memory: [mem 0xb8800000-0xbf7fffff]
[    0.171080] PM: Registered nosave memory: [mem 0xbf800000-0xfe00ffff]
[    0.171081] PM: Registered nosave memory: [mem 0xfe010000-0xfe010fff]
[    0.171081] PM: Registered nosave memory: [mem 0xfe011000-0xffffffff]
[    0.171083] [mem 0xbf800000-0xfe00ffff] available for PCI devices
[    0.171084] Booting paravirtualized kernel on bare hardware
[    0.171086] clocksource: refined-jiffies: mask: 0xffffffff max_cycles: 0xffffffff, max_idle_ns: 7645519600211568 ns
[    0.171091] setup_percpu: NR_CPUS:8192 nr_cpumask_bits:12 nr_cpu_ids:12 nr_node_ids:1
[    0.171401] percpu: Embedded 54 pages/cpu s184320 r8192 d28672 u262144
[    0.171407] pcpu-alloc: s184320 r8192 d28672 u262144 alloc=1*2097152
[    0.171408] pcpu-alloc: [0] 00 01 02 03 04 05 06 07 [0] 08 09 10 11 -- -- -- -- 
[    0.171436] Built 1 zonelists, mobility grouping on.  Total pages: 16425997
[    0.171436] Policy zone: Normal
[    0.171438] Kernel command line: initrd=\EFI\Pop_OS-d0863328-90ee-444a-a635-7256987b411c\initrd.img root=UUID=d0863328-90ee-444a-a635-7256987b411c ro quiet loglevel=0 systemd.show_status=false splash
[    0.174944] Dentry cache hash table entries: 8388608 (order: 14, 67108864 bytes, linear)
[    0.176655] Inode-cache hash table entries: 4194304 (order: 13, 33554432 bytes, linear)
[    0.176763] mem auto-init: stack:off, heap alloc:on, heap free:off
[    0.180226] Calgary: detecting Calgary via BIOS EBDA area
[    0.180227] Calgary: Unable to locate Rio Grande table in EBDA - bailing!
[    0.306523] Memory: 65346800K/66747004K available (14339K kernel code, 2397K rwdata, 4952K rodata, 2712K init, 4992K bss, 1400204K reserved, 0K cma-reserved)
[    0.306530] random: get_random_u64 called from kmem_cache_open+0x2d/0x410 with crng_init=0
[    0.306682] SLUB: HWalign=64, Order=0-3, MinObjects=0, CPUs=12, Nodes=1
[    0.306698] Kernel/User page tables isolation: enabled
[    0.306712] ftrace: allocating 44488 entries in 174 pages
[    0.324089] rcu: Hierarchical RCU implementation.
[    0.324093] rcu: 	RCU restricting CPUs from NR_CPUS=8192 to nr_cpu_ids=12.
[    0.324093] 	Tasks RCU enabled.
[    0.324094] rcu: RCU calculated value of scheduler-enlistment delay is 25 jiffies.
[    0.324095] rcu: Adjusting geometry for rcu_fanout_leaf=16, nr_cpu_ids=12
[    0.327045] NR_IRQS: 524544, nr_irqs: 2152, preallocated irqs: 16
[    0.327673] random: crng done (trusting CPU's manufacturer)
[    0.327701] Console: colour dummy device 80x25
[    0.327706] printk: console [tty0] enabled
[    0.327724] ACPI: Core revision 20190816
[    0.328018] APIC: Switch to symmetric I/O mode setup
[    0.328020] DMAR: Host address width 39
[    0.328021] DMAR: DRHD base: 0x000000fed90000 flags: 0x0
[    0.328026] DMAR: dmar0: reg_base_addr fed90000 ver 1:0 cap 1c0000c40660462 ecap 19e2ff0505e
[    0.328027] DMAR: DRHD base: 0x000000fed91000 flags: 0x1
[    0.328030] DMAR: dmar1: reg_base_addr fed91000 ver 1:0 cap d2008c40660462 ecap f050da
[    0.328030] DMAR: RMRR base: 0x000000afa1f000 end: 0x000000afa3efff
[    0.328031] DMAR: RMRR base: 0x000000bb000000 end: 0x000000bf7fffff
[    0.328033] DMAR-IR: IOAPIC id 2 under DRHD base  0xfed91000 IOMMU 1
[    0.328033] DMAR-IR: HPET id 0 under DRHD base 0xfed91000
[    0.328034] DMAR-IR: Queued invalidation will be enabled to support x2apic and Intr-remapping.
[    0.329829] DMAR-IR: Enabled IRQ remapping in x2apic mode
[    0.329830] x2apic enabled
[    0.329854] Switched APIC routing to cluster x2apic.
[    0.335117] clocksource: tsc-early: mask: 0xffffffffffffffff max_cycles: 0x257a34a6eea, max_idle_ns: 440795264358 ns
[    0.335121] Calibrating delay loop (skipped), value calculated using timer frequency.. 5199.98 BogoMIPS (lpj=10399968)
[    0.335124] pid_max: default: 32768 minimum: 301
[    0.337956] LSM: Security Framework initializing
[    0.337966] Yama: becoming mindful.
[    0.338016] AppArmor: AppArmor initialized
[    0.338137] Mount-cache hash table entries: 131072 (order: 8, 1048576 bytes, linear)
[    0.338227] Mountpoint-cache hash table entries: 131072 (order: 8, 1048576 bytes, linear)
[    0.338244] *** VALIDATE tmpfs ***
[    0.338384] *** VALIDATE proc ***
[    0.338433] *** VALIDATE cgroup1 ***
[    0.338434] *** VALIDATE cgroup2 ***
[    0.338501] mce: CPU0: Thermal monitoring enabled (TM1)
[    0.338529] process: using mwait in idle threads
[    0.338531] Last level iTLB entries: 4KB 64, 2MB 8, 4MB 8
[    0.338532] Last level dTLB entries: 4KB 64, 2MB 0, 4MB 0, 1GB 4
[    0.338534] Spectre V1 : Mitigation: usercopy/swapgs barriers and __user pointer sanitization
[    0.338535] Spectre V2 : Mitigation: Full generic retpoline
[    0.338536] Spectre V2 : Spectre v2 / SpectreRSB mitigation: Filling RSB on context switch
[    0.338536] Spectre V2 : Enabling Restricted Speculation for firmware calls
[    0.338538] Spectre V2 : mitigation: Enabling conditional Indirect Branch Prediction Barrier
[    0.338539] Spectre V2 : User space: Mitigation: STIBP via seccomp and prctl
[    0.338540] Speculative Store Bypass: Mitigation: Speculative Store Bypass disabled via prctl and seccomp
[    0.338546] SRBDS: Mitigation: Microcode
[    0.338546] MDS: Mitigation: Clear CPU buffers
[    0.338803] Freeing SMP alternatives memory: 40K
[    0.339119] smpboot: CPU0: Intel(R) Core(TM) i7-9750H CPU @ 2.60GHz (family: 0x6, model: 0x9e, stepping: 0xa)
[    0.339119] Performance Events: PEBS fmt3+, Skylake events, 32-deep LBR, full-width counters, Intel PMU driver.
[    0.339119] ... version:                4
[    0.339119] ... bit width:              48
[    0.339119] ... generic registers:      4
[    0.339119] ... value mask:             0000ffffffffffff
[    0.339119] ... max period:             00007fffffffffff
[    0.339119] ... fixed-purpose events:   3
[    0.339119] ... event mask:             000000070000000f
[    0.339119] rcu: Hierarchical SRCU implementation.
[    0.339119] NMI watchdog: Enabled. Permanently consumes one hw-PMU counter.
[    0.339119] smp: Bringing up secondary CPUs ...
[    0.339119] x86: Booting SMP configuration:
[    0.339119] .... node  #0, CPUs:        #1  #2  #3  #4  #5  #6
[    0.344578] MDS CPU bug present and SMT on, data leak possible. See https://www.kernel.org/doc/html/latest/admin-guide/hw-vuln/mds.html for more details.
[    0.344578]   #7  #8  #9 #10 #11
[    0.348349] smp: Brought up 1 node, 12 CPUs
[    0.348349] smpboot: Max logical packages: 1
[    0.348349] smpboot: Total of 12 processors activated (62399.80 BogoMIPS)
[    0.352531] devtmpfs: initialized
[    0.352531] x86/mm: Memory block size: 128MB
[    0.364485] PM: Registering ACPI NVS region [mem 0xafa62000-0xafca9fff] (2392064 bytes)
[    0.364485] clocksource: jiffies: mask: 0xffffffff max_cycles: 0xffffffff, max_idle_ns: 7645041785100000 ns
[    0.364485] futex hash table entries: 4096 (order: 6, 262144 bytes, linear)
[    0.364485] pinctrl core: initialized pinctrl subsystem
[    0.364485] PM: RTC time: 02:01:08, date: 2020-10-16
[    0.364485] NET: Registered protocol family 16
[    0.364485] audit: initializing netlink subsys (disabled)
[    0.364485] audit: type=2000 audit(1602813668.028:1): state=initialized audit_enabled=0 res=1
[    0.364485] EISA bus registered
[    0.364485] cpuidle: using governor ladder
[    0.364485] cpuidle: using governor menu
[    0.364485] Simple Boot Flag at 0x47 set to 0x1
[    0.364485] KVM setup pv remote TLB flush
[    0.364485] ACPI FADT declares the system doesn't support PCIe ASPM, so disable it
[    0.364485] ACPI: bus type PCI registered
[    0.364485] acpiphp: ACPI Hot Plug PCI Controller Driver version: 0.5
[    0.364485] PCI: MMCONFIG for domain 0000 [bus 00-7f] at [mem 0xf0000000-0xf7ffffff] (base 0xf0000000)
[    0.364485] PCI: not using MMCONFIG
[    0.364485] PCI: Using configuration type 1 for base access
[    0.371122] ENERGY_PERF_BIAS: Set to 'normal', was 'performance'
[    0.375163] HugeTLB registered 1.00 GiB page size, pre-allocated 0 pages
[    0.375163] HugeTLB registered 2.00 MiB page size, pre-allocated 0 pages
[    0.375233] ACPI: Added _OSI(Module Device)
[    0.375234] ACPI: Added _OSI(Processor Device)
[    0.375235] ACPI: Added _OSI(3.0 _SCP Extensions)
[    0.375235] ACPI: Added _OSI(Processor Aggregator Device)
[    0.375236] ACPI: Added _OSI(Linux-Dell-Video)
[    0.375237] ACPI: Added _OSI(Linux-Lenovo-NV-HDMI-Audio)
[    0.375238] ACPI: Added _OSI(Linux-HPI-Hybrid-Graphics)
[    0.451263] ACPI: 14 ACPI AML tables successfully acquired and loaded
[    0.453172] ACPI: EC: EC started
[    0.453173] ACPI: EC: interrupt blocked
[    0.455872] ACPI: \: Used as first EC
[    0.455873] ACPI: \: GPE=0x16, EC_CMD/EC_SC=0x66, EC_DATA=0x62
[    0.455873] ACPI: EC: Boot ECDT EC used to handle transactions
[    0.457936] ACPI: [Firmware Bug]: BIOS _OSI(Linux) query ignored
[    0.536496] ACPI: Dynamic OEM Table Load:
[    0.536515] ACPI: SSDT 0xFFFF8CE536977700 0000F4 (v02 PmRef  Cpu0Psd  00003000 INTL 20160527)
[    0.538363] ACPI: \_SB_.PR00: _OSC native thermal LVT Acked
[    0.539609] ACPI: Dynamic OEM Table Load:
[    0.539617] ACPI: SSDT 0xFFFF8CE536985C00 000400 (v02 PmRef  Cpu0Cst  00003001 INTL 20160527)
[    0.541614] ACPI: Dynamic OEM Table Load:
[    0.541621] ACPI: SSDT 0xFFFF8CE5371A4800 000600 (v02 PmRef  Cpu0Ist  00003000 INTL 20160527)
[    0.543735] ACPI: Dynamic OEM Table Load:
[    0.543742] ACPI: SSDT 0xFFFF8CE536541C00 000149 (v02 PmRef  Cpu0Hwp  00003000 INTL 20160527)
[    0.545617] ACPI: Dynamic OEM Table Load:
[    0.545625] ACPI: SSDT 0xFFFF8CE5371A7000 000724 (v02 PmRef  HwpLvt   00003000 INTL 20160527)
[    0.547883] ACPI: Dynamic OEM Table Load:
[    0.547891] ACPI: SSDT 0xFFFF8CE5371A0000 0005FC (v02 PmRef  ApIst    00003000 INTL 20160527)
[    0.549985] ACPI: Dynamic OEM Table Load:
[    0.549992] ACPI: SSDT 0xFFFF8CE536987000 000317 (v02 PmRef  ApHwp    00003000 INTL 20160527)
[    0.552121] ACPI: Dynamic OEM Table Load:
[    0.552129] ACPI: SSDT 0xFFFF8CE536F4B000 000AB0 (v02 PmRef  ApPsd    00003000 INTL 20160527)
[    0.554934] ACPI: Dynamic OEM Table Load:
[    0.554941] ACPI: SSDT 0xFFFF8CE536982000 00030A (v02 PmRef  ApCst    00003000 INTL 20160527)
[    0.562555] ACPI: Interpreter enabled
[    0.562613] ACPI: (supports S0 S3 S4 S5)
[    0.562613] ACPI: Using IOAPIC for interrupt routing
[    0.562660] PCI: MMCONFIG for domain 0000 [bus 00-7f] at [mem 0xf0000000-0xf7ffffff] (base 0xf0000000)
[    0.564301] PCI: MMCONFIG at [mem 0xf0000000-0xf7ffffff] reserved in ACPI motherboard resources
[    0.564310] PCI: Using host bridge windows from ACPI; if necessary, use "pci=nocrs" and report a bug
[    0.564975] ACPI: Enabled 12 GPEs in block 00 to 7F
[    0.566466] ACPI: Power Resource [PG00] (on)
[    0.567708] ACPI: Power Resource [PG01] (on)
[    0.568174] ACPI: Power Resource [PG02] (on)
[    0.569884] ACPI: Power Resource [PUBS] (on)
[    0.572771] ACPI: Power Resource [USBC] (on)
[    0.578901] ACPI: Power Resource [WRST] (on)
[    0.578985] ACPI: Power Resource [DRST] (on)
[    0.581036] ACPI: Power Resource [PXP] (on)
[    0.584590] ACPI: Power Resource [V0PR] (on)
[    0.584847] ACPI: Power Resource [V1PR] (on)
[    0.585098] ACPI: Power Resource [V2PR] (on)
[    0.589495] ACPI: Power Resource [WRST] (on)
[    0.593184] ACPI: Power Resource [PIN] (off)
[    0.593211] ACPI: Power Resource [PINP] (off)
[    0.593969] ACPI: PCI Root Bridge [PCI0] (domain 0000 [bus 00-7e])
[    0.593977] acpi PNP0A08:00: _OSC: OS supports [ExtendedConfig ASPM ClockPM Segments MSI HPX-Type3]
[    0.595496] acpi PNP0A08:00: _OSC: platform does not support [AER]
[    0.598249] acpi PNP0A08:00: _OSC: OS now controls [PCIeHotplug SHPCHotplug PME PCIeCapability LTR]
[    0.598250] acpi PNP0A08:00: FADT indicates ASPM is unsupported, using BIOS configuration
[    0.601580] PCI host bridge to bus 0000:00
[    0.601583] pci_bus 0000:00: root bus resource [io  0x0000-0x0cf7 window]
[    0.601584] pci_bus 0000:00: root bus resource [io  0x0d00-0xffff window]
[    0.601585] pci_bus 0000:00: root bus resource [mem 0x000a0000-0x000bffff window]
[    0.601586] pci_bus 0000:00: root bus resource [mem 0xbf800000-0xefffffff window]
[    0.601587] pci_bus 0000:00: root bus resource [mem 0x4000000000-0x7fffffffff window]
[    0.601588] pci_bus 0000:00: root bus resource [mem 0xfc800000-0xfe7fffff window]
[    0.601589] pci_bus 0000:00: root bus resource [bus 00-7e]
[    0.601600] pci 0000:00:00.0: [8086:3ec4] type 00 class 0x060000
[    0.602863] pci 0000:00:01.0: [8086:1901] type 01 class 0x060400
[    0.602911] pci 0000:00:01.0: PME# supported from D0 D3hot D3cold
[    0.604285] pci 0000:00:02.0: [8086:3e9b] type 00 class 0x030000
[    0.604296] pci 0000:00:02.0: reg 0x10: [mem 0x6040000000-0x6040ffffff 64bit]
[    0.604301] pci 0000:00:02.0: reg 0x18: [mem 0x4000000000-0x400fffffff 64bit pref]
[    0.604305] pci 0000:00:02.0: reg 0x20: [io  0x3000-0x303f]
[    0.604321] pci 0000:00:02.0: BAR 2: assigned to efifb
[    0.605593] pci 0000:00:04.0: [8086:1903] type 00 class 0x118000
[    0.605604] pci 0000:00:04.0: reg 0x10: [mem 0x6041100000-0x6041107fff 64bit]
[    0.606962] pci 0000:00:08.0: [8086:1911] type 00 class 0x088000
[    0.606972] pci 0000:00:08.0: reg 0x10: [mem 0x6041114000-0x6041114fff 64bit]
[    0.608290] pci 0000:00:12.0: [8086:a379] type 00 class 0x118000
[    0.608311] pci 0000:00:12.0: reg 0x10: [mem 0x6041113000-0x6041113fff 64bit]
[    0.609645] pci 0000:00:14.0: [8086:a36d] type 00 class 0x0c0330
[    0.609665] pci 0000:00:14.0: reg 0x10: [mem 0xee420000-0xee42ffff 64bit]
[    0.609729] pci 0000:00:14.0: PME# supported from D3hot D3cold
[    0.611110] pci 0000:00:14.2: [8086:a36f] type 00 class 0x050000
[    0.611130] pci 0000:00:14.2: reg 0x10: [mem 0x604110c000-0x604110dfff 64bit]
[    0.611140] pci 0000:00:14.2: reg 0x18: [mem 0x6041112000-0x6041112fff 64bit]
[    0.612439] pci 0000:00:15.0: [8086:a368] type 00 class 0x0c8000
[    0.612465] pci 0000:00:15.0: reg 0x10: [mem 0x6041111000-0x6041111fff 64bit]
[    0.613899] pci 0000:00:16.0: [8086:a360] type 00 class 0x078000
[    0.613925] pci 0000:00:16.0: reg 0x10: [mem 0x6041110000-0x6041110fff 64bit]
[    0.614003] pci 0000:00:16.0: PME# supported from D3hot
[    0.615372] pci 0000:00:17.0: [8086:a353] type 00 class 0x010601
[    0.615389] pci 0000:00:17.0: reg 0x10: [mem 0xee430000-0xee431fff]
[    0.615395] pci 0000:00:17.0: reg 0x14: [mem 0xee434000-0xee4340ff]
[    0.615402] pci 0000:00:17.0: reg 0x18: [io  0x3080-0x3087]
[    0.615409] pci 0000:00:17.0: reg 0x1c: [io  0x3088-0x308b]
[    0.615415] pci 0000:00:17.0: reg 0x20: [io  0x3060-0x307f]
[    0.615422] pci 0000:00:17.0: reg 0x24: [mem 0xee433000-0xee4337ff]
[    0.615463] pci 0000:00:17.0: PME# supported from D3hot
[    0.616802] pci 0000:00:1b.0: [8086:a340] type 01 class 0x060400
[    0.616892] pci 0000:00:1b.0: PME# supported from D0 D3hot D3cold
[    0.618267] pci 0000:00:1b.4: [8086:a32c] type 01 class 0x060400
[    0.619551] pci 0000:00:1b.4: PME# supported from D0 D3hot D3cold
[    0.619572] pci 0000:00:1b.4: PTM enabled (root), 4ns granularity
[    0.620942] pci 0000:00:1c.0: [8086:a338] type 01 class 0x060400
[    0.621048] pci 0000:00:1c.0: PME# supported from D0 D3hot D3cold
[    0.621068] pci 0000:00:1c.0: PTM enabled (root), 4ns granularity
[    0.622460] pci 0000:00:1d.0: [8086:a330] type 01 class 0x060400
[    0.622565] pci 0000:00:1d.0: PME# supported from D0 D3hot D3cold
[    0.622584] pci 0000:00:1d.0: PTM enabled (root), 4ns granularity
[    0.623977] pci 0000:00:1d.6: [8086:a336] type 01 class 0x060400
[    0.624082] pci 0000:00:1d.6: PME# supported from D0 D3hot D3cold
[    0.624102] pci 0000:00:1d.6: PTM enabled (root), 4ns granularity
[    0.625461] pci 0000:00:1e.0: [8086:a328] type 00 class 0x078000
[    0.625487] pci 0000:00:1e.0: reg 0x10: [mem 0x604110f000-0x604110ffff 64bit]
[    0.626927] pci 0000:00:1f.0: [8086:a30e] type 00 class 0x060100
[    0.628448] pci 0000:00:1f.3: [8086:a348] type 00 class 0x040380
[    0.628493] pci 0000:00:1f.3: reg 0x10: [mem 0x6041108000-0x604110bfff 64bit]
[    0.628540] pci 0000:00:1f.3: reg 0x20: [mem 0x6041000000-0x60410fffff 64bit]
[    0.628626] pci 0000:00:1f.3: PME# supported from D3hot D3cold
[    0.630027] pci 0000:00:1f.4: [8086:a323] type 00 class 0x0c0500
[    0.630053] pci 0000:00:1f.4: reg 0x10: [mem 0x604110e000-0x604110e0ff 64bit]
[    0.630076] pci 0000:00:1f.4: reg 0x20: [io  0xefa0-0xefbf]
[    0.631429] pci 0000:00:1f.5: [8086:a324] type 00 class 0x0c8000
[    0.631445] pci 0000:00:1f.5: reg 0x10: [mem 0xee432000-0xee432fff]
[    0.632738] pci 0000:00:1f.6: [8086:15bc] type 00 class 0x020000
[    0.632782] pci 0000:00:1f.6: reg 0x10: [mem 0xee400000-0xee41ffff]
[    0.632944] pci 0000:00:1f.6: PME# supported from D0 D3hot D3cold
[    0.634260] pci 0000:01:00.0: [10de:1f91] type 00 class 0x030000
[    0.634289] pci 0000:01:00.0: reg 0x10: [mem 0xed000000-0xedffffff]
[    0.634304] pci 0000:01:00.0: reg 0x14: [mem 0xc0000000-0xcfffffff 64bit pref]
[    0.634320] pci 0000:01:00.0: reg 0x1c: [mem 0xd0000000-0xd1ffffff 64bit pref]
[    0.634329] pci 0000:01:00.0: reg 0x24: [io  0x2000-0x207f]
[    0.634338] pci 0000:01:00.0: reg 0x30: [mem 0xfff80000-0xffffffff pref]
[    0.634428] pci 0000:01:00.0: PME# supported from D0 D3hot D3cold
[    0.634562] pci 0000:01:00.1: [10de:10fa] type 00 class 0x040300
[    0.634586] pci 0000:01:00.1: reg 0x10: [mem 0xee000000-0xee003fff]
[    0.634818] pci 0000:00:01.0: PCI bridge to [bus 01]
[    0.634820] pci 0000:00:01.0:   bridge window [io  0x2000-0x2fff]
[    0.634822] pci 0000:00:01.0:   bridge window [mem 0xed000000-0xee0fffff]
[    0.634824] pci 0000:00:01.0:   bridge window [mem 0xc0000000-0xd1ffffff 64bit pref]
[    0.634879] pci 0000:00:1b.0: PCI bridge to [bus 03]
[    0.634949] pci 0000:04:00.0: [8086:15ea] type 01 class 0x060400
[    0.635011] pci 0000:04:00.0: enabling Extended Tags
[    0.635106] pci 0000:04:00.0: supports D1 D2
[    0.635107] pci 0000:04:00.0: PME# supported from D0 D1 D2 D3hot D3cold
[    0.635162] pci 0000:04:00.0: PTM enabled, 4ns granularity
[    0.635261] pci 0000:00:1b.4: PCI bridge to [bus 04-51]
[    0.635265] pci 0000:00:1b.4:   bridge window [mem 0xd4000000-0xec1fffff]
[    0.635269] pci 0000:00:1b.4:   bridge window [mem 0x6000000000-0x603fffffff 64bit pref]
[    0.635338] pci 0000:05:00.0: [8086:15ea] type 01 class 0x060400
[    0.635403] pci 0000:05:00.0: enabling Extended Tags
[    0.635509] pci 0000:05:00.0: supports D1 D2
[    0.635510] pci 0000:05:00.0: PME# supported from D0 D1 D2 D3hot D3cold
[    0.635606] pci 0000:05:01.0: [8086:15ea] type 01 class 0x060400
[    0.635672] pci 0000:05:01.0: enabling Extended Tags
[    0.635777] pci 0000:05:01.0: supports D1 D2
[    0.635778] pci 0000:05:01.0: PME# supported from D0 D1 D2 D3hot D3cold
[    0.635871] pci 0000:05:02.0: [8086:15ea] type 01 class 0x060400
[    0.635936] pci 0000:05:02.0: enabling Extended Tags
[    0.636030] pci 0000:05:02.0: supports D1 D2
[    0.636030] pci 0000:05:02.0: PME# supported from D0 D1 D2 D3hot D3cold
[    0.636139] pci 0000:05:04.0: [8086:15ea] type 01 class 0x060400
[    0.636204] pci 0000:05:04.0: enabling Extended Tags
[    0.636311] pci 0000:05:04.0: supports D1 D2
[    0.636312] pci 0000:05:04.0: PME# supported from D0 D1 D2 D3hot D3cold
[    0.636425] pci 0000:04:00.0: PCI bridge to [bus 05-51]
[    0.636433] pci 0000:04:00.0:   bridge window [mem 0xd4000000-0xec1fffff]
[    0.636438] pci 0000:04:00.0:   bridge window [mem 0x6000000000-0x603fffffff 64bit pref]
[    0.636503] pci 0000:06:00.0: [8086:15eb] type 00 class 0x088000
[    0.636536] pci 0000:06:00.0: reg 0x10: [mem 0xec100000-0xec13ffff]
[    0.636547] pci 0000:06:00.0: reg 0x14: [mem 0xec140000-0xec140fff]
[    0.636608] pci 0000:06:00.0: enabling Extended Tags
[    0.636711] pci 0000:06:00.0: supports D1 D2
[    0.636712] pci 0000:06:00.0: PME# supported from D0 D1 D2 D3hot D3cold
[    0.636859] pci 0000:05:00.0: PCI bridge to [bus 06]
[    0.636867] pci 0000:05:00.0:   bridge window [mem 0xec100000-0xec1fffff]
[    0.636915] pci 0000:05:01.0: PCI bridge to [bus 07-2b]
[    0.636923] pci 0000:05:01.0:   bridge window [mem 0xd4000000-0xdfffffff]
[    0.636929] pci 0000:05:01.0:   bridge window [mem 0x6000000000-0x601fffffff 64bit pref]
[    0.637004] pci 0000:2c:00.0: [8086:15ec] type 00 class 0x0c0330
[    0.637039] pci 0000:2c:00.0: reg 0x10: [mem 0xe0000000-0xe000ffff]
[    0.637117] pci 0000:2c:00.0: enabling Extended Tags
[    0.637240] pci 0000:2c:00.0: supports D1 D2
[    0.637241] pci 0000:2c:00.0: PME# supported from D0 D1 D2 D3hot D3cold
[    0.637307] pci 0000:2c:00.0: 8.000 Gb/s available PCIe bandwidth, limited by 2.5 GT/s x4 link at 0000:05:02.0 (capable of 31.504 Gb/s with 8 GT/s x4 link)
[    0.637422] pci 0000:05:02.0: PCI bridge to [bus 2c]
[    0.637430] pci 0000:05:02.0:   bridge window [mem 0xe0000000-0xe00fffff]
[    0.637488] pci 0000:05:04.0: PCI bridge to [bus 2d-51]
[    0.637496] pci 0000:05:04.0:   bridge window [mem 0xe0100000-0xec0fffff]
[    0.637502] pci 0000:05:04.0:   bridge window [mem 0x6020000000-0x603fffffff 64bit pref]
[    0.637614] pci 0000:53:00.0: [17a0:9755] type 00 class 0x080501
[    0.637655] pci 0000:53:00.0: reg 0x10: [mem 0xee300000-0xee300fff]
[    0.637863] pci 0000:53:00.0: supports D1 D2
[    0.637864] pci 0000:53:00.0: PME# supported from D1 D2 D3hot D3cold
[    0.638084] pci 0000:00:1c.0: PCI bridge to [bus 53]
[    0.638088] pci 0000:00:1c.0:   bridge window [mem 0xee300000-0xee3fffff]
[    0.638368] pci 0000:02:00.0: [8086:f1a8] type 00 class 0x010802
[    0.638401] pci 0000:02:00.0: reg 0x10: [mem 0xee200000-0xee203fff 64bit]
[    0.638692] pci 0000:00:1d.0: PCI bridge to [bus 02]
[    0.638696] pci 0000:00:1d.0:   bridge window [mem 0xee200000-0xee2fffff]
[    0.638900] pci 0000:52:00.0: [8086:2723] type 00 class 0x028000
[    0.638977] pci 0000:52:00.0: reg 0x10: [mem 0xee100000-0xee103fff 64bit]
[    0.643236] pci 0000:52:00.0: PME# supported from D0 D3hot D3cold
[    0.643847] pci 0000:00:1d.6: PCI bridge to [bus 52]
[    0.643851] pci 0000:00:1d.6:   bridge window [mem 0xee100000-0xee1fffff]
[    0.647916] ACPI: EC: interrupt unblocked
[    0.647934] ACPI: EC: event unblocked
[    0.647950] ACPI: \_SB_.PCI0.LPCB.EC__: GPE=0x16, EC_CMD/EC_SC=0x66, EC_DATA=0x62
[    0.647952] ACPI: \_SB_.PCI0.LPCB.EC__: Boot DSDT EC used to handle transactions and events
[    0.648048] iommu: Default domain type: Translated 
[    0.648048] SCSI subsystem initialized
[    0.648048] libata version 3.00 loaded.
[    0.648048] pci 0000:00:02.0: vgaarb: VGA device added: decodes=io+mem,owns=mem,locks=none
[    0.648048] pci 0000:01:00.0: vgaarb: VGA device added: decodes=io+mem,owns=none,locks=none
[    0.648048] pci 0000:00:02.0: vgaarb: no bridge control possible
[    0.648048] pci 0000:01:00.0: vgaarb: bridge control possible
[    0.648048] pci 0000:00:02.0: vgaarb: setting as boot device
[    0.648048] vgaarb: loaded
[    0.648048] ACPI: bus type USB registered
[    0.648048] usbcore: registered new interface driver usbfs
[    0.648048] usbcore: registered new interface driver hub
[    0.648048] usbcore: registered new device driver usb
[    0.648048] pps_core: LinuxPPS API ver. 1 registered
[    0.648048] pps_core: Software ver. 5.3.6 - Copyright 2005-2007 Rodolfo Giometti <giometti@linux.it>
[    0.648048] PTP clock support registered
[    0.648048] EDAC MC: Ver: 3.0.0
[    0.648048] Registered efivars operations
[    0.648048] PCI: Using ACPI for IRQ routing
[    0.659240] PCI: pci_cache_line_size set to 64 bytes
[    0.659770] e820: reserve RAM buffer [mem 0x0009f000-0x0009ffff]
[    0.659771] e820: reserve RAM buffer [mem 0x6f2e7000-0x6fffffff]
[    0.659772] e820: reserve RAM buffer [mem 0x6fa4f000-0x6fffffff]
[    0.659773] e820: reserve RAM buffer [mem 0xa496e000-0xa7ffffff]
[    0.659773] e820: reserve RAM buffer [mem 0xaaf03000-0xabffffff]
[    0.659774] e820: reserve RAM buffer [mem 0xafd10000-0xafffffff]
[    0.659775] e820: reserve RAM buffer [mem 0xb8800000-0xbbffffff]
[    0.659775] e820: reserve RAM buffer [mem 0x103e800000-0x103fffffff]
[    0.659869] NetLabel: Initializing
[    0.659870] NetLabel:  domain hash size = 128
[    0.659870] NetLabel:  protocols = UNLABELED CIPSOv4 CALIPSO
[    0.659883] NetLabel:  unlabeled traffic allowed by default
[    0.659895] clocksource: Switched to clocksource tsc-early
[    0.670458] *** VALIDATE bpf ***
[    0.670530] VFS: Disk quotas dquot_6.6.0
[    0.670545] VFS: Dquot-cache hash table entries: 512 (order 0, 4096 bytes)
[    0.670564] *** VALIDATE ramfs ***
[    0.670567] *** VALIDATE hugetlbfs ***
[    0.670641] AppArmor: AppArmor Filesystem Enabled
[    0.670665] pnp: PnP ACPI init
[    0.670785] system 00:00: [mem 0x40000000-0x403fffff] could not be reserved
[    0.670789] system 00:00: Plug and Play ACPI device, IDs PNP0c02 (active)
[    0.671257] system 00:01: [io  0x1800-0x18fe] has been reserved
[    0.671259] system 00:01: [mem 0xfd000000-0xfd69ffff] has been reserved
[    0.671260] system 00:01: [mem 0xfd6c0000-0xfd6cffff] has been reserved
[    0.671261] system 00:01: [mem 0xfd6f0000-0xfdffffff] has been reserved
[    0.671262] system 00:01: [mem 0xfe000000-0xfe01ffff] could not be reserved
[    0.671263] system 00:01: [mem 0xfe200000-0xfe7fffff] has been reserved
[    0.671265] system 00:01: [mem 0xff000000-0xffffffff] has been reserved
[    0.671268] system 00:01: Plug and Play ACPI device, IDs PNP0c02 (active)
[    0.671675] system 00:02: [io  0xff00-0xfffe] has been reserved
[    0.671678] system 00:02: Plug and Play ACPI device, IDs PNP0c02 (active)
[    0.672318] system 00:03: [io  0x0680-0x069f] has been reserved
[    0.672320] system 00:03: [io  0x164e-0x164f] has been reserved
[    0.672323] system 00:03: Plug and Play ACPI device, IDs PNP0c02 (active)
[    0.672367] pnp 00:04: Plug and Play ACPI device, IDs PNP0b00 (active)
[    0.672490] system 00:05: [io  0x1854-0x1857] has been reserved
[    0.672493] system 00:05: Plug and Play ACPI device, IDs INT3f0d PNP0c02 (active)
[    0.672515] pnp 00:06: Plug and Play ACPI device, IDs LEN0071 PNP0303 (active)
[    0.672530] pnp 00:07: Plug and Play ACPI device, IDs LEN0402 PNP0f13 (active)
[    0.672612] system 00:08: [io  0x1800-0x189f] could not be reserved
[    0.672613] system 00:08: [io  0x0800-0x087f] has been reserved
[    0.672615] system 00:08: [io  0x0880-0x08ff] has been reserved
[    0.672616] system 00:08: [io  0x0900-0x097f] has been reserved
[    0.672617] system 00:08: [io  0x0980-0x09ff] has been reserved
[    0.672618] system 00:08: [io  0x0a00-0x0a7f] has been reserved
[    0.672619] system 00:08: [io  0x0a80-0x0aff] has been reserved
[    0.672620] system 00:08: [io  0x0b00-0x0b7f] has been reserved
[    0.672621] system 00:08: [io  0x0b80-0x0bff] has been reserved
[    0.672622] system 00:08: [io  0x15e0-0x15ef] has been reserved
[    0.672623] system 00:08: [io  0x1600-0x167f] could not be reserved
[    0.672624] system 00:08: [io  0x1640-0x165f] could not be reserved
[    0.672626] system 00:08: [mem 0xf0000000-0xf7ffffff] has been reserved
[    0.672627] system 00:08: [mem 0xfed10000-0xfed13fff] has been reserved
[    0.672628] system 00:08: [mem 0xfed18000-0xfed18fff] has been reserved
[    0.672629] system 00:08: [mem 0xfed19000-0xfed19fff] has been reserved
[    0.672630] system 00:08: [mem 0xfeb00000-0xfebfffff] has been reserved
[    0.672632] system 00:08: [mem 0xfed20000-0xfed3ffff] has been reserved
[    0.672634] system 00:08: [mem 0xfed90000-0xfed93fff] could not be reserved
[    0.672636] system 00:08: Plug and Play ACPI device, IDs PNP0c02 (active)
[    0.674166] system 00:09: Plug and Play ACPI device, IDs PNP0c02 (active)
[    0.674752] system 00:0a: [mem 0xfed10000-0xfed17fff] could not be reserved
[    0.674753] system 00:0a: [mem 0xfed18000-0xfed18fff] has been reserved
[    0.674754] system 00:0a: [mem 0xfed19000-0xfed19fff] has been reserved
[    0.674755] system 00:0a: [mem 0xf0000000-0xf7ffffff] has been reserved
[    0.674756] system 00:0a: [mem 0xfed20000-0xfed3ffff] has been reserved
[    0.674758] system 00:0a: [mem 0xfed90000-0xfed93fff] could not be reserved
[    0.674759] system 00:0a: [mem 0xfed45000-0xfed8ffff] has been reserved
[    0.674760] system 00:0a: [mem 0xfee00000-0xfeefffff] has been reserved
[    0.674763] system 00:0a: Plug and Play ACPI device, IDs PNP0c02 (active)
[    0.675094] system 00:0b: [mem 0x00000000-0x0009ffff] could not be reserved
[    0.675095] system 00:0b: [mem 0x000c0000-0x000c3fff] could not be reserved
[    0.675096] system 00:0b: [mem 0x000c8000-0x000cbfff] could not be reserved
[    0.675097] system 00:0b: [mem 0x000d0000-0x000d3fff] could not be reserved
[    0.675098] system 00:0b: [mem 0x000d8000-0x000dbfff] could not be reserved
[    0.675099] system 00:0b: [mem 0x000e0000-0x000e3fff] could not be reserved
[    0.675100] system 00:0b: [mem 0x000e8000-0x000ebfff] could not be reserved
[    0.675101] system 00:0b: [mem 0x000f0000-0x000fffff] could not be reserved
[    0.675102] system 00:0b: [mem 0x00100000-0xbf7fffff] could not be reserved
[    0.675104] system 00:0b: [mem 0xfec00000-0xfed3ffff] could not be reserved
[    0.675105] system 00:0b: [mem 0xfed4c000-0xffffffff] could not be reserved
[    0.675108] system 00:0b: Plug and Play ACPI device, IDs PNP0c01 (active)
[    0.675232] pnp: PnP ACPI: found 12 devices
[    0.676345] thermal_sys: Registered thermal governor 'fair_share'
[    0.676346] thermal_sys: Registered thermal governor 'bang_bang'
[    0.676347] thermal_sys: Registered thermal governor 'step_wise'
[    0.676347] thermal_sys: Registered thermal governor 'user_space'
[    0.676348] thermal_sys: Registered thermal governor 'power_allocator'
[    0.680844] clocksource: acpi_pm: mask: 0xffffff max_cycles: 0xffffff, max_idle_ns: 2085701024 ns
[    0.680875] pci 0000:01:00.0: can't claim BAR 6 [mem 0xfff80000-0xffffffff pref]: no compatible bridge window
[    0.680885] pci 0000:05:01.0: bridge window [io  0x1000-0x0fff] to [bus 07-2b] add_size 1000
[    0.680887] pci 0000:05:04.0: bridge window [io  0x1000-0x0fff] to [bus 2d-51] add_size 1000
[    0.680889] pci 0000:04:00.0: bridge window [io  0x1000-0x0fff] to [bus 05-51] add_size 2000
[    0.680890] pci 0000:00:1b.4: bridge window [io  0x1000-0x0fff] to [bus 04-51] add_size 3000
[    0.680896] pci 0000:00:1b.4: BAR 13: assigned [io  0x4000-0x6fff]
[    0.680899] pci 0000:01:00.0: BAR 6: assigned [mem 0xee080000-0xee0fffff pref]
[    0.680900] pci 0000:00:01.0: PCI bridge to [bus 01]
[    0.680902] pci 0000:00:01.0:   bridge window [io  0x2000-0x2fff]
[    0.680904] pci 0000:00:01.0:   bridge window [mem 0xed000000-0xee0fffff]
[    0.680906] pci 0000:00:01.0:   bridge window [mem 0xc0000000-0xd1ffffff 64bit pref]
[    0.680910] pci 0000:00:1b.0: PCI bridge to [bus 03]
[    0.680924] pci 0000:04:00.0: BAR 13: assigned [io  0x4000-0x5fff]
[    0.680926] pci 0000:05:01.0: BAR 13: assigned [io  0x4000-0x4fff]
[    0.680927] pci 0000:05:04.0: BAR 13: assigned [io  0x5000-0x5fff]
[    0.680929] pci 0000:05:00.0: PCI bridge to [bus 06]
[    0.680933] pci 0000:05:00.0:   bridge window [mem 0xec100000-0xec1fffff]
[    0.680941] pci 0000:05:01.0: PCI bridge to [bus 07-2b]
[    0.680944] pci 0000:05:01.0:   bridge window [io  0x4000-0x4fff]
[    0.680948] pci 0000:05:01.0:   bridge window [mem 0xd4000000-0xdfffffff]
[    0.680952] pci 0000:05:01.0:   bridge window [mem 0x6000000000-0x601fffffff 64bit pref]
[    0.680957] pci 0000:05:02.0: PCI bridge to [bus 2c]
[    0.680962] pci 0000:05:02.0:   bridge window [mem 0xe0000000-0xe00fffff]
[    0.680970] pci 0000:05:04.0: PCI bridge to [bus 2d-51]
[    0.680972] pci 0000:05:04.0:   bridge window [io  0x5000-0x5fff]
[    0.680977] pci 0000:05:04.0:   bridge window [mem 0xe0100000-0xec0fffff]
[    0.680980] pci 0000:05:04.0:   bridge window [mem 0x6020000000-0x603fffffff 64bit pref]
[    0.680985] pci 0000:04:00.0: PCI bridge to [bus 05-51]
[    0.680987] pci 0000:04:00.0:   bridge window [io  0x4000-0x5fff]
[    0.680992] pci 0000:04:00.0:   bridge window [mem 0xd4000000-0xec1fffff]
[    0.680995] pci 0000:04:00.0:   bridge window [mem 0x6000000000-0x603fffffff 64bit pref]
[    0.681000] pci 0000:00:1b.4: PCI bridge to [bus 04-51]
[    0.681002] pci 0000:00:1b.4:   bridge window [io  0x4000-0x6fff]
[    0.681005] pci 0000:00:1b.4:   bridge window [mem 0xd4000000-0xec1fffff]
[    0.681008] pci 0000:00:1b.4:   bridge window [mem 0x6000000000-0x603fffffff 64bit pref]
[    0.681012] pci 0000:00:1c.0: PCI bridge to [bus 53]
[    0.681016] pci 0000:00:1c.0:   bridge window [mem 0xee300000-0xee3fffff]
[    0.681022] pci 0000:00:1d.0: PCI bridge to [bus 02]
[    0.681025] pci 0000:00:1d.0:   bridge window [mem 0xee200000-0xee2fffff]
[    0.681031] pci 0000:00:1d.6: PCI bridge to [bus 52]
[    0.681036] pci 0000:00:1d.6:   bridge window [mem 0xee100000-0xee1fffff]
[    0.681042] pci_bus 0000:00: resource 4 [io  0x0000-0x0cf7 window]
[    0.681043] pci_bus 0000:00: resource 5 [io  0x0d00-0xffff window]
[    0.681044] pci_bus 0000:00: resource 6 [mem 0x000a0000-0x000bffff window]
[    0.681045] pci_bus 0000:00: resource 7 [mem 0xbf800000-0xefffffff window]
[    0.681046] pci_bus 0000:00: resource 8 [mem 0x4000000000-0x7fffffffff window]
[    0.681047] pci_bus 0000:00: resource 9 [mem 0xfc800000-0xfe7fffff window]
[    0.681048] pci_bus 0000:01: resource 0 [io  0x2000-0x2fff]
[    0.681049] pci_bus 0000:01: resource 1 [mem 0xed000000-0xee0fffff]
[    0.681050] pci_bus 0000:01: resource 2 [mem 0xc0000000-0xd1ffffff 64bit pref]
[    0.681051] pci_bus 0000:04: resource 0 [io  0x4000-0x6fff]
[    0.681052] pci_bus 0000:04: resource 1 [mem 0xd4000000-0xec1fffff]
[    0.681053] pci_bus 0000:04: resource 2 [mem 0x6000000000-0x603fffffff 64bit pref]
[    0.681054] pci_bus 0000:05: resource 0 [io  0x4000-0x5fff]
[    0.681055] pci_bus 0000:05: resource 1 [mem 0xd4000000-0xec1fffff]
[    0.681056] pci_bus 0000:05: resource 2 [mem 0x6000000000-0x603fffffff 64bit pref]
[    0.681057] pci_bus 0000:06: resource 1 [mem 0xec100000-0xec1fffff]
[    0.681058] pci_bus 0000:07: resource 0 [io  0x4000-0x4fff]
[    0.681059] pci_bus 0000:07: resource 1 [mem 0xd4000000-0xdfffffff]
[    0.681060] pci_bus 0000:07: resource 2 [mem 0x6000000000-0x601fffffff 64bit pref]
[    0.681061] pci_bus 0000:2c: resource 1 [mem 0xe0000000-0xe00fffff]
[    0.681061] pci_bus 0000:2d: resource 0 [io  0x5000-0x5fff]
[    0.681062] pci_bus 0000:2d: resource 1 [mem 0xe0100000-0xec0fffff]
[    0.681063] pci_bus 0000:2d: resource 2 [mem 0x6020000000-0x603fffffff 64bit pref]
[    0.681064] pci_bus 0000:53: resource 1 [mem 0xee300000-0xee3fffff]
[    0.681065] pci_bus 0000:02: resource 1 [mem 0xee200000-0xee2fffff]
[    0.681066] pci_bus 0000:52: resource 1 [mem 0xee100000-0xee1fffff]
[    0.681261] NET: Registered protocol family 2
[    0.681443] tcp_listen_portaddr_hash hash table entries: 32768 (order: 7, 524288 bytes, linear)
[    0.681751] TCP established hash table entries: 524288 (order: 10, 4194304 bytes, linear)
[    0.682260] TCP bind hash table entries: 65536 (order: 8, 1048576 bytes, linear)
[    0.682330] TCP: Hash tables configured (established 524288 bind 65536)
[    0.682424] UDP hash table entries: 32768 (order: 8, 1048576 bytes, linear)
[    0.682586] UDP-Lite hash table entries: 32768 (order: 8, 1048576 bytes, linear)
[    0.682720] NET: Registered protocol family 1
[    0.682724] NET: Registered protocol family 44
[    0.682734] pci 0000:00:02.0: Video device with shadowed ROM at [mem 0x000c0000-0x000dffff]
[    0.683147] pci 0000:01:00.1: D0 power state depends on 0000:01:00.0
[    0.683939] PCI: CLS 128 bytes, default 64
[    0.683976] Trying to unpack rootfs image as initramfs...
[    0.871324] Freeing initrd memory: 82784K
[    0.871380] DMAR: Intel-IOMMU force enabled due to platform opt in
[    0.871407] DMAR: No ATSR found
[    0.871467] DMAR: dmar0: Using Queued invalidation
[    0.871469] DMAR: dmar1: Using Queued invalidation
[    0.871938] pci 0000:00:00.0: Adding to iommu group 0
[    0.871954] pci 0000:00:00.0: Using iommu direct mapping
[    0.872010] pci 0000:00:01.0: Adding to iommu group 1
[    0.872025] pci 0000:00:01.0: Using iommu direct mapping
[    0.879337] pci 0000:00:02.0: Adding to iommu group 2
[    0.879581] pci 0000:00:02.0: Using iommu direct mapping
[    0.879626] pci 0000:00:04.0: Adding to iommu group 3
[    0.879638] pci 0000:00:04.0: Using iommu direct mapping
[    0.879681] pci 0000:00:08.0: Adding to iommu group 4
[    0.879692] pci 0000:00:08.0: Using iommu direct mapping
[    0.879739] pci 0000:00:12.0: Adding to iommu group 5
[    0.879751] pci 0000:00:12.0: Using iommu direct mapping
[    0.879823] pci 0000:00:14.0: Adding to iommu group 6
[    0.879836] pci 0000:00:14.0: Using iommu direct mapping
[    0.879847] pci 0000:00:14.2: Adding to iommu group 6
[    0.879893] pci 0000:00:15.0: Adding to iommu group 7
[    0.879905] pci 0000:00:15.0: Using iommu direct mapping
[    0.880000] pci 0000:00:16.0: Adding to iommu group 8
[    0.880011] pci 0000:00:16.0: Using iommu direct mapping
[    0.880054] pci 0000:00:17.0: Adding to iommu group 9
[    0.880066] pci 0000:00:17.0: Using iommu direct mapping
[    0.880128] pci 0000:00:1b.0: Adding to iommu group 10
[    0.880140] pci 0000:00:1b.0: Using iommu direct mapping
[    0.880161] pci 0000:00:1b.4: Adding to iommu group 10
[    0.880194] pci 0000:00:1b.4: DMAR: Device uses a private dma domain.
[    0.880195] pci 0000:00:1b.4: DMAR: Use Intel IOMMU bounce page dma_ops
[    0.880268] pci 0000:00:1c.0: Adding to iommu group 11
[    0.880281] pci 0000:00:1c.0: Using iommu direct mapping
[    0.880349] pci 0000:00:1d.0: Adding to iommu group 12
[    0.880361] pci 0000:00:1d.0: Using iommu direct mapping
[    0.880381] pci 0000:00:1d.6: Adding to iommu group 12
[    0.880429] pci 0000:00:1e.0: Adding to iommu group 13
[    0.880441] pci 0000:00:1e.0: Using iommu direct mapping
[    0.882136] pci 0000:00:1f.0: Adding to iommu group 14
[    0.882150] pci 0000:00:1f.0: Using iommu direct mapping
[    0.882164] pci 0000:00:1f.3: Adding to iommu group 14
[    0.882176] pci 0000:00:1f.4: Adding to iommu group 14
[    0.882187] pci 0000:00:1f.5: Adding to iommu group 14
[    0.882198] pci 0000:00:1f.6: Adding to iommu group 14
[    0.882204] pci 0000:01:00.0: Adding to iommu group 1
[    0.882210] pci 0000:01:00.1: Adding to iommu group 1
[    0.882222] pci 0000:04:00.0: Adding to iommu group 10
[    0.882257] pci 0000:04:00.0: DMAR: Device uses a private dma domain.
[    0.882258] pci 0000:04:00.0: DMAR: Use Intel IOMMU bounce page dma_ops
[    0.882273] pci 0000:05:00.0: Adding to iommu group 10
[    0.882341] pci 0000:05:00.0: DMAR: Device uses a private dma domain.
[    0.882342] pci 0000:05:00.0: DMAR: Use Intel IOMMU bounce page dma_ops
[    0.882354] pci 0000:05:01.0: Adding to iommu group 10
[    0.882405] pci 0000:05:01.0: DMAR: Device uses a private dma domain.
[    0.882405] pci 0000:05:01.0: DMAR: Use Intel IOMMU bounce page dma_ops
[    0.882442] pci 0000:05:02.0: Adding to iommu group 10
[    0.882494] pci 0000:05:02.0: DMAR: Device uses a private dma domain.
[    0.882495] pci 0000:05:02.0: DMAR: Use Intel IOMMU bounce page dma_ops
[    0.882507] pci 0000:05:04.0: Adding to iommu group 10
[    0.882559] pci 0000:05:04.0: DMAR: Device uses a private dma domain.
[    0.882560] pci 0000:05:04.0: DMAR: Use Intel IOMMU bounce page dma_ops
[    0.882597] pci 0000:06:00.0: Adding to iommu group 10
[    0.882650] pci 0000:06:00.0: DMAR: Device uses a private dma domain.
[    0.882651] pci 0000:06:00.0: DMAR: Use Intel IOMMU bounce page dma_ops
[    0.882671] pci 0000:2c:00.0: Adding to iommu group 10
[    0.882723] pci 0000:2c:00.0: DMAR: Device uses a private dma domain.
[    0.882724] pci 0000:2c:00.0: DMAR: Use Intel IOMMU bounce page dma_ops
[    0.882753] pci 0000:53:00.0: Adding to iommu group 11
[    0.882764] pci 0000:02:00.0: Adding to iommu group 12
[    0.882778] pci 0000:52:00.0: Adding to iommu group 12
[    0.882987] DMAR: Intel(R) Virtualization Technology for Directed I/O
[    0.882988] PCI-DMA: Using software bounce buffering for IO (SWIOTLB)
[    0.882989] software IO TLB: mapped [mem 0xa63a0000-0xaa3a0000] (64MB)
[    0.883105] resource sanity check: requesting [mem 0xfed10000-0xfed15fff], which spans more than pnp 00:08 [mem 0xfed10000-0xfed13fff]
[    0.883110] caller snb_uncore_imc_init_box+0x6c/0xb0 mapping multiple BARs
[    0.883366] check: Scanning for low memory corruption every 60 seconds
[    0.885368] Initialise system trusted keyrings
[    0.885379] Key type blacklist registered
[    0.885403] workingset: timestamp_bits=36 max_order=24 bucket_order=0
[    0.886590] zbud: loaded
[    0.886931] squashfs: version 4.0 (2009/01/31) Phillip Lougher
[    0.887068] fuse: init (API version 7.31)
[    0.887082] *** VALIDATE fuse ***
[    0.887084] *** VALIDATE fuse ***
[    0.887182] Platform Keyring initialized
[    0.891737] Key type asymmetric registered
[    0.891738] Asymmetric key parser 'x509' registered
[    0.891744] Block layer SCSI generic (bsg) driver version 0.4 loaded (major 244)
[    0.891785] io scheduler mq-deadline registered
[    0.892205] pcieport 0000:00:01.0: PME: Signaling with IRQ 122
[    0.892312] pcieport 0000:00:1b.0: PME: Signaling with IRQ 123
[    0.892430] pcieport 0000:00:1b.4: PME: Signaling with IRQ 124
[    0.892456] pcieport 0000:00:1b.4: pciehp: Slot #20 AttnBtn- PwrCtrl- MRL- AttnInd- PwrInd- HotPlug+ Surprise+ Interlock- NoCompl+ LLActRep+
[    0.892737] pcieport 0000:00:1c.0: PME: Signaling with IRQ 125
[    0.892969] pcieport 0000:00:1d.0: PME: Signaling with IRQ 126
[    0.893200] pcieport 0000:00:1d.6: PME: Signaling with IRQ 127
[    0.893738] pcieport 0000:05:01.0: pciehp: Slot #1 AttnBtn- PwrCtrl- MRL- AttnInd- PwrInd- HotPlug+ Surprise+ Interlock- NoCompl+ LLActRep+
[    0.894165] pcieport 0000:05:04.0: pciehp: Slot #4 AttnBtn- PwrCtrl- MRL- AttnInd- PwrInd- HotPlug+ Surprise+ Interlock- NoCompl+ LLActRep+
[    0.894311] shpchp: Standard Hot Plug PCI Controller Driver version: 0.4
[    0.894380] efifb: probing for efifb
[    0.894406] efifb: showing boot graphics
[    0.895553] efifb: framebuffer at 0x4000000000, using 8100k, total 8100k
[    0.895554] efifb: mode is 1920x1080x32, linelength=7680, pages=1
[    0.895554] efifb: scrolling: redraw
[    0.895555] efifb: Truecolor: size=8:8:8:8, shift=24:16:8:0
[    0.895587] fbcon: Deferring console take-over
[    0.895588] fb0: EFI VGA frame buffer device
[    0.895594] intel_idle: MWAIT substates: 0x11142120
[    0.895595] intel_idle: v0.4.1 model 0x9E
[    0.896190] intel_idle: lapic_timer_reliable_states 0xffffffff
[    0.896697] ACPI: AC Adapter [AC] (on-line)
[    0.896784] input: Sleep Button as /devices/LNXSYSTM:00/LNXSYBUS:00/PNP0C0E:00/input/input0
[    0.896813] ACPI: Sleep Button [SLPB]
[    0.896848] input: Lid Switch as /devices/LNXSYSTM:00/LNXSYBUS:00/PNP0C0D:00/input/input1
[    0.896868] ACPI: Lid Switch [LID]
[    0.896894] input: Power Button as /devices/LNXSYSTM:00/LNXPWRBN:00/input/input2
[    0.896912] ACPI: Power Button [PWRF]
[    0.904179] thermal LNXTHERM:00: registered as thermal_zone0
[    0.904181] ACPI: Thermal Zone [THM0] (35 C)
[    0.904424] Serial: 8250/16550 driver, 32 ports, IRQ sharing enabled
[    0.906317] hpet_acpi_add: no address or irqs in _CRS
[    0.906364] Linux agpgart interface v0.103
[    0.911397] tpm_tis NTC0702:00: 2.0 TPM (device-id 0xFC, rev-id 1)
[    0.937166] battery: ACPI: Battery Slot [BAT0] (battery present)
[    0.954983] loop: module loaded
[    0.955206] libphy: Fixed MDIO Bus: probed
[    0.955207] tun: Universal TUN/TAP device driver, 1.6
[    0.955268] PPP generic driver version 2.4.2
[    0.955382] VFIO - User Level meta-driver version: 0.3
[    0.955532] ehci_hcd: USB 2.0 'Enhanced' Host Controller (EHCI) Driver
[    0.955534] ehci-pci: EHCI PCI platform driver
[    0.955544] ehci-platform: EHCI generic platform driver
[    0.955564] ohci_hcd: USB 1.1 'Open' Host Controller (OHCI) Driver
[    0.955565] ohci-pci: OHCI PCI platform driver
[    0.955575] ohci-platform: OHCI generic platform driver
[    0.955584] uhci_hcd: USB Universal Host Controller Interface driver
[    0.955831] xhci_hcd 0000:00:14.0: xHCI Host Controller
[    0.955839] xhci_hcd 0000:00:14.0: new USB bus registered, assigned bus number 1
[    0.956911] xhci_hcd 0000:00:14.0: hcc params 0x200077c1 hci version 0x110 quirks 0x0000000000009810
[    0.956914] xhci_hcd 0000:00:14.0: cache line size of 128 is not supported
[    0.957084] usb usb1: New USB device found, idVendor=1d6b, idProduct=0002, bcdDevice= 5.04
[    0.957085] usb usb1: New USB device strings: Mfr=3, Product=2, SerialNumber=1
[    0.957086] usb usb1: Product: xHCI Host Controller
[    0.957087] usb usb1: Manufacturer: Linux 5.4.0-7642-generic xhci-hcd
[    0.957088] usb usb1: SerialNumber: 0000:00:14.0
[    0.957186] hub 1-0:1.0: USB hub found
[    0.957202] hub 1-0:1.0: 16 ports detected
[    0.959039] xhci_hcd 0000:00:14.0: xHCI Host Controller
[    0.959042] xhci_hcd 0000:00:14.0: new USB bus registered, assigned bus number 2
[    0.959044] xhci_hcd 0000:00:14.0: Host supports USB 3.1 Enhanced SuperSpeed
[    0.959074] usb usb2: New USB device found, idVendor=1d6b, idProduct=0003, bcdDevice= 5.04
[    0.959075] usb usb2: New USB device strings: Mfr=3, Product=2, SerialNumber=1
[    0.959076] usb usb2: Product: xHCI Host Controller
[    0.959077] usb usb2: Manufacturer: Linux 5.4.0-7642-generic xhci-hcd
[    0.959078] usb usb2: SerialNumber: 0000:00:14.0
[    0.959191] hub 2-0:1.0: USB hub found
[    0.959207] hub 2-0:1.0: 10 ports detected
[    0.959749] usb: port power management may be unreliable
[    0.960580] xhci_hcd 0000:2c:00.0: xHCI Host Controller
[    0.960584] xhci_hcd 0000:2c:00.0: new USB bus registered, assigned bus number 3
[    0.961737] xhci_hcd 0000:2c:00.0: hcc params 0x200077c1 hci version 0x110 quirks 0x0000000200009810
[    0.961929] usb usb3: New USB device found, idVendor=1d6b, idProduct=0002, bcdDevice= 5.04
[    0.961930] usb usb3: New USB device strings: Mfr=3, Product=2, SerialNumber=1
[    0.961931] usb usb3: Product: xHCI Host Controller
[    0.961932] usb usb3: Manufacturer: Linux 5.4.0-7642-generic xhci-hcd
[    0.961933] usb usb3: SerialNumber: 0000:2c:00.0
[    0.962043] hub 3-0:1.0: USB hub found
[    0.962054] hub 3-0:1.0: 2 ports detected
[    0.965364] xhci_hcd 0000:2c:00.0: xHCI Host Controller
[    0.965367] xhci_hcd 0000:2c:00.0: new USB bus registered, assigned bus number 4
[    0.965369] xhci_hcd 0000:2c:00.0: Host supports USB 3.1 Enhanced SuperSpeed
[    0.965397] usb usb4: New USB device found, idVendor=1d6b, idProduct=0003, bcdDevice= 5.04
[    0.965398] usb usb4: New USB device strings: Mfr=3, Product=2, SerialNumber=1
[    0.965399] usb usb4: Product: xHCI Host Controller
[    0.965400] usb usb4: Manufacturer: Linux 5.4.0-7642-generic xhci-hcd
[    0.965401] usb usb4: SerialNumber: 0000:2c:00.0
[    0.965509] hub 4-0:1.0: USB hub found
[    0.965521] hub 4-0:1.0: 2 ports detected
[    0.966791] i8042: PNP: PS/2 Controller [PNP0303:KBD,PNP0f13:MOU] at 0x60,0x64 irq 1,12
[    0.968303] serio: i8042 KBD port at 0x60,0x64 irq 1
[    0.968306] serio: i8042 AUX port at 0x60,0x64 irq 12
[    0.968471] mousedev: PS/2 mouse device common for all mice
[    0.968770] rtc_cmos 00:04: RTC can wake from S4
[    0.969577] rtc_cmos 00:04: registered as rtc0
[    0.969587] rtc_cmos 00:04: alarms up to one month, y3k, 242 bytes nvram
[    0.969594] i2c /dev entries driver
[    0.969654] device-mapper: uevent: version 1.0.3
[    0.969817] device-mapper: ioctl: 4.41.0-ioctl (2019-09-16) initialised: dm-devel@redhat.com
[    0.969841] platform eisa.0: Probing EISA bus 0
[    0.969842] platform eisa.0: EISA: Cannot allocate resource for mainboard
[    0.969843] platform eisa.0: Cannot allocate resource for EISA slot 1
[    0.969844] platform eisa.0: Cannot allocate resource for EISA slot 2
[    0.969845] platform eisa.0: Cannot allocate resource for EISA slot 3
[    0.969845] platform eisa.0: Cannot allocate resource for EISA slot 4
[    0.969846] platform eisa.0: Cannot allocate resource for EISA slot 5
[    0.969847] platform eisa.0: Cannot allocate resource for EISA slot 6
[    0.969848] platform eisa.0: Cannot allocate resource for EISA slot 7
[    0.969849] platform eisa.0: Cannot allocate resource for EISA slot 8
[    0.969850] platform eisa.0: EISA: Detected 0 cards
[    0.969853] intel_pstate: Intel P-state driver initializing
[    0.969935] input: AT Translated Set 2 keyboard as /devices/platform/i8042/serio0/input/input3
[    0.971046] intel_pstate: HWP enabled
[    0.971094] ledtrig-cpu: registered to indicate activity on CPUs
[    0.971096] EFI Variables Facility v0.08 2004-May-17
[    0.991374] intel_pmc_core intel_pmc_core.0:  initialized
[    0.991409] drop_monitor: Initializing network drop monitor service
[    0.991510] NET: Registered protocol family 10
[    0.997266] Segment Routing with IPv6
[    0.997278] NET: Registered protocol family 17
[    0.997426] Key type dns_resolver registered
[    0.998246] RAS: Correctable Errors collector initialized.
[    0.998295] microcode: sig=0x906ea, pf=0x20, revision=0xd6
[    0.998502] microcode: Microcode Update Driver: v2.2.
[    0.998504] IPI shorthand broadcast: enabled
[    0.998522] sched_clock: Marking stable (990816540, 7683469)->(1012709869, -14209860)
[    0.998691] registered taskstats version 1
[    0.998696] Loading compiled-in X.509 certificates
[    0.999941] Loaded X.509 cert 'Build time autogenerated kernel key: 8eb219446f380a0482c8ecdb8dcaeec89b6092cd'
[    0.999968] zswap: loaded using pool lzo/zbud
[    1.000198] Key type ._fscrypt registered
[    1.000198] Key type .fscrypt registered
[    1.005910] Key type big_key registered
[    1.005912] Key type trusted registered
[    1.008696] Key type encrypted registered
[    1.008697] AppArmor: AppArmor sha1 policy hashing enabled
[    1.009244] integrity: Loading X.509 certificate: UEFI:db
[    1.009261] integrity: Loaded X.509 cert 'Lenovo Ltd.: ThinkPad Product CA 2012: 838b1f54c1550463f45f98700640f11069265949'
[    1.009262] integrity: Loading X.509 certificate: UEFI:db
[    1.009285] integrity: Loaded X.509 cert 'Lenovo UEFI CA 2014: 4b91a68732eaefdd2c8ffffc6b027ec3449e9c8f'
[    1.009286] integrity: Loading X.509 certificate: UEFI:db
[    1.009313] integrity: Loaded X.509 cert 'Microsoft Corporation UEFI CA 2011: 13adbf4309bd82709c8cd54f316ed522988a1bd4'
[    1.009314] integrity: Loading X.509 certificate: UEFI:db
[    1.009326] integrity: Loaded X.509 cert 'Microsoft Windows Production PCA 2011: a92902398e16c49778cd90f99e4f9ae17c55af53'
[    1.010807] ima: Allocated hash algorithm: sha1
[    1.091613] ima: No architecture policies found
[    1.091622] evm: Initialising EVM extended attributes:
[    1.091623] evm: security.selinux
[    1.091623] evm: security.SMACK64
[    1.091624] evm: security.SMACK64EXEC
[    1.091624] evm: security.SMACK64TRANSMUTE
[    1.091624] evm: security.SMACK64MMAP
[    1.091624] evm: security.apparmor
[    1.091624] evm: security.ima
[    1.091625] evm: security.capability
[    1.091625] evm: HMAC attrs: 0x1
[    1.092877] PM:   Magic number: 8:397:5
[    1.093165] rtc_cmos 00:04: setting system clock to 2020-10-16T02:01:09 UTC (1602813669)
[    1.094157] Freeing unused decrypted memory: 2040K
[    1.094544] Freeing unused kernel image memory: 2712K
[    1.111521] Write protecting the kernel read-only data: 22528k
[    1.112200] Freeing unused kernel image memory: 2008K
[    1.112442] Freeing unused kernel image memory: 1192K
[    1.118698] x86/mm: Checked W+X mappings: passed, no W+X pages found.
[    1.118699] x86/mm: Checking user space page tables
[    1.124810] x86/mm: Checked W+X mappings: passed, no W+X pages found.
[    1.124811] Run /init as init process
[    1.207051] acpi PNP0C14:02: duplicate WMI GUID 05901221-D566-11D1-B2F0-00A0C9062910 (first instance was on PNP0C14:01)
[    1.207096] acpi PNP0C14:03: duplicate WMI GUID 05901221-D566-11D1-B2F0-00A0C9062910 (first instance was on PNP0C14:01)
[    1.207223] acpi PNP0C14:04: duplicate WMI GUID 05901221-D566-11D1-B2F0-00A0C9062910 (first instance was on PNP0C14:01)
[    1.207291] acpi PNP0C14:05: duplicate WMI GUID 05901221-D566-11D1-B2F0-00A0C9062910 (first instance was on PNP0C14:01)
[    1.210169] ahci 0000:00:17.0: version 3.0
[    1.212160] intel-lpss 0000:00:15.0: enabling device (0000 -> 0002)
[    1.212413] idma64 idma64.0: Found Intel integrated DMA 64-bit
[    1.212658] sdhci: Secure Digital Host Controller Interface driver
[    1.212659] sdhci: Copyright(c) Pierre Ossman
[    1.213801] i801_smbus 0000:00:1f.4: enabling device (0000 -> 0003)
[    1.214265] i801_smbus 0000:00:1f.4: SPD Write Disable is set
[    1.214317] i801_smbus 0000:00:1f.4: SMBus using PCI interrupt
[    1.214847] sdhci-pci 0000:53:00.0: SDHCI controller found [17a0:9755] (rev 0)
[    1.214883] sdhci-pci 0000:53:00.0: enabling device (0000 -> 0002)
[    1.216407] e1000e: Intel(R) PRO/1000 Network Driver - 3.2.6-k
[    1.216407] e1000e: Copyright(c) 1999 - 2015 Intel Corporation.
[    1.216644] e1000e 0000:00:1f.6: Interrupt Throttling Rate (ints/sec) set to dynamic conservative mode
[    1.217021] nvme nvme0: pci function 0000:02:00.0
[    1.219736] mmc0: SDHCI controller on PCI [0000:53:00.0] using ADMA 64-bit
[    1.221011] intel-lpss 0000:00:1e.0: enabling device (0000 -> 0002)
[    1.221394] idma64 idma64.1: Found Intel integrated DMA 64-bit
[    1.223138] cryptd: max_cpu_qlen set to 1000
[    1.223142] ahci 0000:00:17.0: AHCI 0001.0301 32 slots 1 ports 6 Gbps 0x10 impl SATA mode
[    1.223144] ahci 0000:00:17.0: flags: 64bit ncq sntf pm clo only pio slum part ems deso sadm sds apst 
[    1.226907] AVX2 version of gcm_enc/dec engaged.
[    1.226907] AES CTR mode by8 optimization enabled
[    1.229948] scsi host0: ahci
[    1.235135] scsi host1: ahci
[    1.235312] scsi host2: ahci
[    1.235429] scsi host3: ahci
[    1.235528] scsi host4: ahci
[    1.235573] ata1: DUMMY
[    1.235573] ata2: DUMMY
[    1.235574] ata3: DUMMY
[    1.235574] ata4: DUMMY
[    1.235585] ata5: SATA max UDMA/133 abar m2048@0xee433000 port 0xee433300 irq 134
[    1.276346] i915 0000:00:02.0: enabling device (0006 -> 0007)
[    1.276935] i915 0000:00:02.0: VT-d active for gfx access
[    1.276936] checking generic (4000000000 7e9000) vs hw (4000000000 10000000)
[    1.276937] fb0: switching to inteldrmfb from EFI VGA
[    1.276975] i915 0000:00:02.0: vgaarb: deactivate vga console
[    1.291334] [drm] Supports vblank timestamp caching Rev 2 (21.10.2013).
[    1.291335] [drm] Driver supports precise vblank timestamp query.
[    1.295341] usb 1-1: new full-speed USB device number 2 using xhci_hcd
[    1.295461] i915 0000:00:02.0: vgaarb: changed VGA decodes: olddecodes=io+mem,decodes=none:owns=mem
[    1.295870] [drm] Finished loading DMC firmware i915/kbl_dmc_ver1_04.bin (v1.4)
[    1.313215] [drm] Initialized i915 1.6.0 20190822 for 0000:00:02.0 on minor 0
[    1.315147] [Firmware Bug]: ACPI(PEGP) defines _DOD but not _DOS
[    1.315236] ACPI: Video Device [PEGP] (multi-head: yes  rom: no  post: no)
[    1.315498] input: Video Bus as /devices/LNXSYSTM:00/LNXSYBUS:00/PNP0A08:00/device:00/LNXVIDEO:00/input/input6
[    1.316712] ACPI: Video Device [GFX0] (multi-head: yes  rom: no  post: no)
[    1.316856] input: Video Bus as /devices/LNXSYSTM:00/LNXSYBUS:00/PNP0A08:00/LNXVIDEO:01/input/input7
[    1.317624] fbcon: i915drmfb (fb0) is primary device
[    1.317625] fbcon: Deferring console take-over
[    1.317626] i915 0000:00:02.0: fb0: i915drmfb frame buffer device
[    1.433476] nvme nvme0: 8/0/0 default/read/poll queues
[    1.434409]  nvme0n1: p1 p2 p3 p4
[    1.439892] e1000e 0000:00:1f.6 0000:00:1f.6 (uninitialized): registered PHC clock
[    1.444827] usb 1-1: New USB device found, idVendor=1532, idProduct=0034, bcdDevice= 2.00
[    1.444828] usb 1-1: New USB device strings: Mfr=1, Product=2, SerialNumber=0
[    1.444828] usb 1-1: Product: Razer Taipan
[    1.444829] usb 1-1: Manufacturer: Razer
[    1.511504] e1000e 0000:00:1f.6 eth0: (PCI Express:2.5GT/s:Width x1) 48:2a:e3:75:68:a9
[    1.511505] e1000e 0000:00:1f.6 eth0: Intel(R) PRO/1000 Network Connection
[    1.511600] e1000e 0000:00:1f.6 eth0: MAC: 13, PHY: 12, PBA No: FFFFFF-0FF
[    1.516329] e1000e 0000:00:1f.6 enp0s31f6: renamed from eth0
[    1.556233] ata5: SATA link up 6.0 Gbps (SStatus 133 SControl 300)
[    1.557648] ata5.00: ACPI cmd ef/02:00:00:00:00:a0 (SET FEATURES) succeeded
[    1.557649] ata5.00: ACPI cmd f5/00:00:00:00:00:a0 (SECURITY FREEZE LOCK) filtered out
[    1.557778] ata5.00: ACPI cmd ef/10:09:00:00:00:a0 (SET FEATURES) succeeded
[    1.558192] ata5.00: supports DRM functions and may not be fully accessible
[    1.559336] ata5.00: ATA-10: Crucial_CT1050MX300SSD4,  M0CR040, max UDMA/133
[    1.559336] ata5.00: 2051200368 sectors, multi 16: LBA48 NCQ (depth 32), AA
[    1.563340] ata5.00: ACPI cmd ef/02:00:00:00:00:a0 (SET FEATURES) succeeded
[    1.563341] ata5.00: ACPI cmd f5/00:00:00:00:00:a0 (SECURITY FREEZE LOCK) filtered out
[    1.563435] ata5.00: ACPI cmd ef/10:09:00:00:00:a0 (SET FEATURES) succeeded
[    1.563656] ata5.00: supports DRM functions and may not be fully accessible
[    1.566626] ata5.00: configured for UDMA/133
[    1.566910] scsi 4:0:0:0: Direct-Access     ATA      Crucial_CT1050MX R040 PQ: 0 ANSI: 5
[    1.567014] sd 4:0:0:0: Attached scsi generic sg0 type 0
[    1.567039] ata5.00: Enabling discard_zeroes_data
[    1.567133] sd 4:0:0:0: [sda] 2051200368 512-byte logical blocks: (1.05 TB/978 GiB)
[    1.567140] sd 4:0:0:0: [sda] Write Protect is off
[    1.567141] sd 4:0:0:0: [sda] Mode Sense: 00 3a 00 00
[    1.567152] sd 4:0:0:0: [sda] Write cache: enabled, read cache: enabled, doesn't support DPO or FUA
[    1.571125] usb 1-8: new high-speed USB device number 3 using xhci_hcd
[    1.615503] ata5.00: Enabling discard_zeroes_data
[    1.616883]  sda: sda1 sda2 sda3 sda4
[    1.617215] ata5.00: Enabling discard_zeroes_data
[    1.617498] sd 4:0:0:0: [sda] supports TCG Opal
[    1.617499] sd 4:0:0:0: [sda] Attached SCSI disk
[    1.739132] usb 1-8: New USB device found, idVendor=174f, idProduct=2435, bcdDevice= 0.22
[    1.739133] usb 1-8: New USB device strings: Mfr=2, Product=1, SerialNumber=0
[    1.739134] usb 1-8: Product: Integrated Camera
[    1.739134] usb 1-8: Manufacturer: Sonix Technology Co., Ltd.
[    1.867358] usb 1-9: new full-speed USB device number 4 using xhci_hcd
[    1.903338] tsc: Refined TSC clocksource calibration: 2591.998 MHz
[    1.903341] clocksource: tsc: mask: 0xffffffffffffffff max_cycles: 0x255cb518234, max_idle_ns: 440795279333 ns
[    1.903389] clocksource: Switched to clocksource tsc
[    1.990849] psmouse serio1: synaptics: queried max coordinates: x [..5678], y [..4690]
[    2.016931] usb 1-9: New USB device found, idVendor=06cb, idProduct=00bd, bcdDevice= 0.00
[    2.016932] usb 1-9: New USB device strings: Mfr=0, Product=0, SerialNumber=1
[    2.016933] usb 1-9: SerialNumber: ff047deafca5
[    2.021397] psmouse serio1: synaptics: queried min coordinates: x [1266..], y [1160..]
[    2.021417] psmouse serio1: synaptics: Your touchpad (PNP: LEN0402 PNP0f13) says it can support a different bus. If i2c-hid and hid-rmi are not used, you might want to try setting psmouse.synaptics_intertouch to 1 and report this to linux-input@vger.kernel.org.
[    2.081573] psmouse serio1: synaptics: Touchpad model: 1, fw: 10.32, id: 0x1e2a1, caps: 0xf00aa3/0x940300/0x12e800/0x500000, board id: 3512, fw id: 2956703
[    2.081593] psmouse serio1: synaptics: serio: Synaptics pass-through port at isa0060/serio1/input0
[    2.119488] input: SynPS/2 Synaptics TouchPad as /devices/platform/i8042/serio1/input/input5
[    2.143339] usb 1-14: new full-speed USB device number 5 using xhci_hcd
[    2.293526] usb 1-14: New USB device found, idVendor=8087, idProduct=0029, bcdDevice= 0.01
[    2.293527] usb 1-14: New USB device strings: Mfr=0, Product=0, SerialNumber=0
[    2.298367] hidraw: raw HID events driver (C) Jiri Kosina
[    2.300928] usbcore: registered new interface driver usbhid
[    2.300929] usbhid: USB HID core driver
[    2.302397] input: Razer Razer Taipan as /devices/pci0000:00/0000:00:14.0/usb1/1-1/1-1:1.0/0003:1532:0034.0001/input/input9
[    2.302448] hid-generic 0003:1532:0034.0001: input,hidraw0: USB HID v1.11 Mouse [Razer Razer Taipan] on usb-0000:00:14.0-1/input0
[    2.302573] input: Razer Razer Taipan Keyboard as /devices/pci0000:00/0000:00:14.0/usb1/1-1/1-1:1.1/0003:1532:0034.0002/input/input10
[    2.359419] input: Razer Razer Taipan Consumer Control as /devices/pci0000:00/0000:00:14.0/usb1/1-1/1-1:1.1/0003:1532:0034.0002/input/input11
[    2.359554] input: Razer Razer Taipan System Control as /devices/pci0000:00/0000:00:14.0/usb1/1-1/1-1:1.1/0003:1532:0034.0002/input/input12
[    2.359675] input: Razer Razer Taipan as /devices/pci0000:00/0000:00:14.0/usb1/1-1/1-1:1.1/0003:1532:0034.0002/input/input13
[    2.359883] hid-generic 0003:1532:0034.0002: input,hidraw1: USB HID v1.11 Keyboard [Razer Razer Taipan] on usb-0000:00:14.0-1/input1
[    2.359950] input: Razer Razer Taipan as /devices/pci0000:00/0000:00:14.0/usb1/1-1/1-1:1.2/0003:1532:0034.0003/input/input14
[    2.419490] hid-generic 0003:1532:0034.0003: input,hidraw2: USB HID v1.11 Keyboard [Razer Razer Taipan] on usb-0000:00:14.0-1/input2
[    2.474384] system76_acpi: loading out-of-tree module taints kernel.
[    2.474393] system76_acpi: module verification failed: signature and/or required key missing - tainting kernel
[    2.476542] system76: Model does not utilize this driver
[    2.536998] usbcore: registered new interface driver system76-io
[    2.553435] psmouse serio2: trackpoint: Elan TrackPoint firmware: 0x11, buttons: 3/3
[    2.595171] raid6: avx2x4   gen() 42551 MB/s
[    2.643185] raid6: avx2x4   xor() 25495 MB/s
[    2.691182] raid6: avx2x2   gen() 36407 MB/s
[    2.733964] input: TPPS/2 Elan TrackPoint as /devices/platform/i8042/serio1/serio2/input/input8
[    2.739158] raid6: avx2x2   xor() 22979 MB/s
[    2.787190] raid6: avx2x1   gen() 30611 MB/s
[    2.835162] raid6: avx2x1   xor() 22065 MB/s
[    2.883193] raid6: sse2x4   gen() 17957 MB/s
[    2.931161] raid6: sse2x4   xor() 11421 MB/s
[    2.979164] raid6: sse2x2   gen() 15855 MB/s
[    3.027149] raid6: sse2x2   xor()  9684 MB/s
[    3.075161] raid6: sse2x1   gen() 14113 MB/s
[    3.123159] raid6: sse2x1   xor()  8081 MB/s
[    3.123159] raid6: using algorithm avx2x4 gen() 42551 MB/s
[    3.123160] raid6: .... xor() 25495 MB/s, rmw enabled
[    3.123160] raid6: using avx2x2 recovery algorithm
[    3.123817] xor: automatically using best checksumming function   avx       
[    3.124653] async_tx: api initialized (async)
[    3.300080] EXT4-fs (nvme0n1p3): mounted filesystem with ordered data mode. Opts: (null)
[    3.468643] systemd[1]: Inserted module 'autofs4'
[    3.517992] systemd[1]: Successfully credited entropy passed from boot loader.
[    3.520095] systemd[1]: systemd 245.4-4ubuntu3.2pop1~1599007796~20.04~a50f405 running in system mode. (+PAM +AUDIT +SELINUX +IMA +APPARMOR +SMACK +SYSVINIT +UTMP +LIBCRYPTSETUP +GCRYPT +GNUTLS +ACL +XZ +LZ4 +SECCOMP +BLKID +ELFUTILS +KMOD +IDN2 -IDN +PCRE2 default-hierarchy=hybrid)
[    3.539585] systemd[1]: Detected architecture x86-64.
[    3.561145] systemd[1]: Set hostname to <5anc7u4ry>.
[    3.628842] systemd[1]: /lib/systemd/system/dbus.socket:5: ListenStream= references a path below legacy directory /var/run/, updating /var/run/dbus/system_bus_socket  /run/dbus/system_bus_socket; please update the unit file accordingly.
[    3.665953] systemd[1]: Created slice system-modprobe.slice.
[    3.666083] systemd[1]: Created slice Cryptsetup Units Slice.
[    3.666199] systemd[1]: Created slice User and Session Slice.
[    3.666237] systemd[1]: Started Forward Password Requests to Wall Directory Watch.
[    3.666381] systemd[1]: Set up automount Arbitrary Executable File Formats File System Automount Point.
[    3.666410] systemd[1]: Reached target User and Group Name Lookups.
[    3.666422] systemd[1]: Reached target Remote File Systems.
[    3.666428] systemd[1]: Reached target Slices.
[    3.666474] systemd[1]: Listening on Device-mapper event daemon FIFOs.
[    3.666530] systemd[1]: Listening on LVM2 poll daemon socket.
[    3.667211] systemd[1]: Listening on Syslog Socket.
[    3.667245] systemd[1]: Listening on initctl Compatibility Named Pipe.
[    3.667354] systemd[1]: Listening on Journal Audit Socket.
[    3.667402] systemd[1]: Listening on Journal Socket (/dev/log).
[    3.667460] systemd[1]: Listening on Journal Socket.
[    3.667520] systemd[1]: Listening on udev Control Socket.
[    3.667562] systemd[1]: Listening on udev Kernel Socket.
[    3.668049] systemd[1]: Mounting Huge Pages File System...
[    3.668512] systemd[1]: Mounting POSIX Message Queue File System...
[    3.669020] systemd[1]: Mounting Kernel Debug File System...
[    3.669543] systemd[1]: Mounting Kernel Trace File System...
[    3.670587] systemd[1]: Starting Journal Service...
[    3.671055] systemd[1]: Starting Availability of block devices...
[    3.672036] systemd[1]: Starting Set the console keyboard layout...
[    3.672812] systemd[1]: Starting Create list of static device nodes for the current kernel...
[    3.673282] systemd[1]: Starting Monitoring of LVM2 mirrors, snapshots etc. using dmeventd or progress polling...
[    3.673298] systemd[1]: Condition check resulted in Load Kernel Module drm being skipped.
[    3.673776] systemd[1]: Started Nameserver information manager.
[    3.673876] systemd[1]: Reached target Network (Pre).
[    3.674107] systemd[1]: Condition check resulted in Set Up Additional Binary Formats being skipped.
[    3.675113] systemd[1]: Starting Load Kernel Modules...
[    3.675685] systemd[1]: Starting Remount Root and Kernel File Systems...
[    3.676280] systemd[1]: Starting udev Coldplug all Devices...
[    3.676936] systemd[1]: Starting Uncomplicated firewall...
[    3.677935] systemd[1]: Mounted Huge Pages File System.
[    3.678040] systemd[1]: Mounted POSIX Message Queue File System.
[    3.678143] systemd[1]: Mounted Kernel Debug File System.
[    3.678444] systemd[1]: Mounted Kernel Trace File System.
[    3.679261] systemd[1]: Finished Availability of block devices.
[    3.679693] systemd[1]: Finished Create list of static device nodes for the current kernel.
[    3.680927] systemd[1]: Finished Uncomplicated firewall.
[    3.683973] EXT4-fs (nvme0n1p3): re-mounted. Opts: errors=remount-ro
[    3.684845] systemd[1]: Finished Remount Root and Kernel File Systems.
[    3.685167] systemd[1]: Condition check resulted in Rebuild Hardware Database being skipped.
[    3.685190] systemd[1]: Condition check resulted in Platform Persistent Storage Archival being skipped.
[    3.685727] systemd[1]: Starting Load/Save Random Seed...
[    3.686266] systemd[1]: Starting Create System Users...
[    3.693418] lp: driver loaded but no devices found
[    3.694385] systemd[1]: Finished Load/Save Random Seed.
[    3.696908] ppdev: user-space parallel port driver
[    3.697348] systemd[1]: Finished Create System Users.
[    3.697901] systemd[1]: Starting Create Static Device Nodes in /dev...
[    3.700480] systemd[1]: Finished Load Kernel Modules.
[    3.701171] systemd[1]: Mounting FUSE Control File System...
[    3.702335] systemd[1]: Mounting Kernel Configuration File System...
[    3.702845] systemd[1]: Starting Apply Kernel Variables...
[    3.703822] systemd[1]: Mounted FUSE Control File System.
[    3.703922] systemd[1]: Mounted Kernel Configuration File System.
[    3.709545] systemd[1]: Finished Create Static Device Nodes in /dev.
[    3.710278] systemd[1]: Starting udev Kernel Device Manager...
[    3.714016] systemd[1]: Finished Apply Kernel Variables.
[    3.739789] systemd[1]: Finished Set the console keyboard layout.
[    3.765077] systemd[1]: Started Journal Service.
[    3.772685] systemd-journald[516]: Received client request to flush runtime journal.
[    3.951967] intel_pch_thermal 0000:00:12.0: enabling device (0000 -> 0002)
[    3.964122] proc_thermal 0000:00:04.0: enabling device (0000 -> 0002)
[    3.966634] mei_me 0000:00:16.0: enabling device (0000 -> 0002)
[    3.975365] dw-apb-uart.1: ttyS4 at MMIO 0x604110f000 (irq = 20, base_baud = 115200) is a 16550A
[    3.977660] intel_rapl_common: Found RAPL domain package
[    3.977661] intel_rapl_common: Found RAPL domain dram
[    3.980613] proc_thermal 0000:00:04.0: Creating sysfs group for PROC_THERMAL_PCI
[    3.999181] nvidia: module license 'NVIDIA' taints kernel.
[    3.999182] Disabling lock debugging due to kernel taint
[    4.050174] snd_hda_intel 0000:00:1f.3: DSP detected with PCI class/subclass/prog-if info 0x040380
[    4.050258] cfg80211: Loading compiled-in X.509 certificates for regulatory database
[    4.050564] snd_hda_intel 0000:00:1f.3: bound 0000:00:02.0 (ops i915_audio_component_bind_ops [i915])
[    4.051002] snd_hda_intel 0000:01:00.1: enabling device (0000 -> 0002)
[    4.051136] snd_hda_intel 0000:01:00.1: Disabling MSI
[    4.051144] snd_hda_intel 0000:01:00.1: Handle vga_switcheroo audio client
[    4.051260] nvidia-nvlink: Nvlink Core is being initialized, major device number 235
[    4.051744] nvidia 0000:01:00.0: enabling device (0000 -> 0003)
[    4.053579] nvidia 0000:01:00.0: vgaarb: changed VGA decodes: olddecodes=io+mem,decodes=none:owns=none
[    4.054395] cfg80211: Loaded X.509 cert 'sforshee: 00b28ddf47aef9cea7'
[    4.058652] Non-volatile memory driver v1.3
[    4.071887] Intel(R) Wireless WiFi driver for Linux
[    4.071887] Copyright(c) 2003- 2015 Intel Corporation
[    4.072089] iwlwifi 0000:52:00.0: enabling device (0000 -> 0002)
[    4.078690] audit: type=1400 audit(1602813672.478:2): apparmor="STATUS" operation="profile_load" profile="unconfined" name="libreoffice-xpdfimport" pid=788 comm="apparmor_parser"
[    4.079525] audit: type=1400 audit(1602813672.482:3): apparmor="STATUS" operation="profile_load" profile="unconfined" name="nvidia_modprobe" pid=776 comm="apparmor_parser"
[    4.079527] audit: type=1400 audit(1602813672.482:4): apparmor="STATUS" operation="profile_load" profile="unconfined" name="nvidia_modprobe//kmod" pid=776 comm="apparmor_parser"
[    4.079558] audit: type=1400 audit(1602813672.482:5): apparmor="STATUS" operation="profile_load" profile="unconfined" name="/usr/bin/man" pid=777 comm="apparmor_parser"
[    4.079560] audit: type=1400 audit(1602813672.482:6): apparmor="STATUS" operation="profile_load" profile="unconfined" name="man_filter" pid=777 comm="apparmor_parser"
[    4.079562] audit: type=1400 audit(1602813672.482:7): apparmor="STATUS" operation="profile_load" profile="unconfined" name="man_groff" pid=777 comm="apparmor_parser"
[    4.079613] audit: type=1400 audit(1602813672.482:8): apparmor="STATUS" operation="profile_load" profile="unconfined" name="ippusbxd" pid=780 comm="apparmor_parser"
[    4.079821] thinkpad_acpi: ThinkPad ACPI Extras v0.26
[    4.079822] thinkpad_acpi: http://ibm-acpi.sf.net/
[    4.079822] thinkpad_acpi: ThinkPad BIOS N2OET44W (1.31 ), EC N2OHT36W
[    4.079823] thinkpad_acpi: Lenovo ThinkPad X1 Extreme 2nd, model 20QV000DUS
[    4.080509] audit: type=1400 audit(1602813672.482:9): apparmor="STATUS" operation="profile_load" profile="unconfined" name="lsb_release" pid=789 comm="apparmor_parser"
[    4.080523] audit: type=1400 audit(1602813672.482:10): apparmor="STATUS" operation="profile_load" profile="unconfined" name="/usr/sbin/tcpdump" pid=779 comm="apparmor_parser"
[    4.084311] snd_hda_codec_conexant hdaudioC0D0: CX8070: BIOS auto-probing.
[    4.085045] snd_hda_codec_conexant hdaudioC0D0: autoconfig for CX8070: line_outs=1 (0x17/0x0/0x0/0x0/0x0) type:speaker
[    4.085047] snd_hda_codec_conexant hdaudioC0D0:    speaker_outs=0 (0x0/0x0/0x0/0x0/0x0)
[    4.085048] snd_hda_codec_conexant hdaudioC0D0:    hp_outs=1 (0x16/0x0/0x0/0x0/0x0)
[    4.085049] snd_hda_codec_conexant hdaudioC0D0:    mono: mono_out=0x0
[    4.085049] snd_hda_codec_conexant hdaudioC0D0:    inputs:
[    4.085050] snd_hda_codec_conexant hdaudioC0D0:      Internal Mic=0x1a
[    4.085051] snd_hda_codec_conexant hdaudioC0D0:      Mic=0x19
[    4.085925] thinkpad_acpi: radio switch found; radios are enabled
[    4.085946] thinkpad_acpi: This ThinkPad has standard ACPI backlight brightness control, supported by the ACPI video driver
[    4.085947] thinkpad_acpi: Disabling thinkpad-acpi brightness events by default...
[    4.089064] iwlwifi 0000:52:00.0: TLV_FW_FSEQ_VERSION: FSEQ Version: 58.3.35.22
[    4.089067] iwlwifi 0000:52:00.0: Found debug destination: EXTERNAL_DRAM
[    4.089073] iwlwifi 0000:52:00.0: Found debug configuration: 0
[    4.089787] iwlwifi 0000:52:00.0: loaded firmware version 50.3e391d3e.0 op_mode iwlmvm
[    4.092798] input: HDA Intel PCH Mic as /devices/pci0000:00/0000:00:1f.3/sound/card0/input16
[    4.092839] input: HDA Intel PCH Headphone as /devices/pci0000:00/0000:00:1f.3/sound/card0/input17
[    4.097394] NVRM: loading NVIDIA UNIX x86_64 Kernel Module  455.28  Wed Sep 30 01:05:16 UTC 2020
[    4.107583] thinkpad_acpi: rfkill switch tpacpi_bluetooth_sw: radio is unblocked
[    4.136626] nvidia-modeset: Loading NVIDIA Kernel Mode Setting Driver for UNIX platforms  455.28  Wed Sep 30 00:58:12 UTC 2020
[    4.142413] [drm] [nvidia-drm] [GPU ID 0x00000100] Loading driver
[    4.146884] iwlwifi 0000:52:00.0: Detected Intel(R) Wi-Fi 6 AX200 160MHz, REV=0x340
[    4.159770] iwlwifi 0000:52:00.0: Applying debug destination EXTERNAL_DRAM
[    4.160016] iwlwifi 0000:52:00.0: Allocated 0x00400000 bytes for firmware monitor.
[    4.172956] ACPI Warning: \_SB.PCI0.PEG0.PEGP._DSM: Argument #4 type mismatch - Found [Buffer], ACPI requires [Package] (20190816/nsarguments-59)
[    4.233835] thinkpad_acpi: battery 1 registered (start 0, stop 100)
[    4.233839] battery: new extension: ThinkPad Battery Extension
[    4.233914] input: ThinkPad Extra Buttons as /devices/platform/thinkpad_acpi/input/input15
[    4.381265] iwlwifi 0000:52:00.0: base HW address: 5c:80:b6:88:2b:a1
[    4.407750] thermal thermal_zone15: failed to read out thermal zone (-61)
[    4.776115] input: HDA NVidia HDMI/DP,pcm=3 as /devices/pci0000:00/0000:00:01.0/0000:01:00.1/sound/card1/input18
[    4.776148] input: HDA NVidia HDMI/DP,pcm=7 as /devices/pci0000:00/0000:00:01.0/0000:01:00.1/sound/card1/input19
[    4.776174] input: HDA NVidia HDMI/DP,pcm=8 as /devices/pci0000:00/0000:00:01.0/0000:01:00.1/sound/card1/input20
[    4.816899] RAPL PMU: API unit is 2^-32 Joules, 5 fixed counters, 655360 ms ovfl timer
[    4.816900] RAPL PMU: hw unit of domain pp0-core 2^-14 Joules
[    4.816901] RAPL PMU: hw unit of domain package 2^-14 Joules
[    4.816901] RAPL PMU: hw unit of domain dram 2^-14 Joules
[    4.816902] RAPL PMU: hw unit of domain pp1-gpu 2^-14 Joules
[    4.816902] RAPL PMU: hw unit of domain psys 2^-14 Joules
[    4.988834] intel_rapl_common: Found RAPL domain package
[    4.988835] intel_rapl_common: Found RAPL domain core
[    4.988836] intel_rapl_common: Found RAPL domain uncore
[    4.988837] intel_rapl_common: Found RAPL domain dram
[    5.059977] iwlwifi 0000:52:00.0 wlp82s0: renamed from wlan0
[    5.070906] [drm] Supports vblank timestamp caching Rev 2 (21.10.2013).
[    5.070907] [drm] No driver support for vblank timestamp query.
[    5.112842] mc: Linux media interface: v0.10
[    5.125041] Bluetooth: Core ver 2.22
[    5.125056] NET: Registered protocol family 31
[    5.125056] Bluetooth: HCI device and connection manager initialized
[    5.125059] Bluetooth: HCI socket layer initialized
[    5.125061] Bluetooth: L2CAP socket layer initialized
[    5.125064] Bluetooth: SCO socket layer initialized
[    5.126090] videodev: Linux video capture interface: v2.00
[    5.198458] [drm] Initialized nvidia-drm 0.0.0 20160202 for 0000:01:00.0 on minor 1
[    5.203331] Adding 4193784k swap on /dev/mapper/cryptswap.  Priority:-2 extents:1 across:4193784k SSFS
[    5.208669] nvidia-uvm: Loaded the UVM driver, major device number 510.
[    5.256271] usbcore: registered new interface driver btusb
[    5.261278] uvcvideo: Found UVC 1.00 device Integrated Camera (174f:2435)
[    5.266746] uvcvideo 1-8:1.0: Entity type for entity Extension 3 was not initialized!
[    5.266748] uvcvideo 1-8:1.0: Entity type for entity Processing 2 was not initialized!
[    5.266749] uvcvideo 1-8:1.0: Entity type for entity Camera 1 was not initialized!
[    5.266825] input: Integrated Camera: Integrated C as /devices/pci0000:00/0000:00:14.0/usb1/1-8/1-8:1.0/input/input21
[    5.266882] usbcore: registered new interface driver uvcvideo
[    5.266883] USB Video Class driver (1.1.1)
[    5.267147] Bluetooth: hci0: Bootloader revision 0.3 build 0 week 24 2017
[    5.268609] Bluetooth: hci0: Device revision is 1
[    5.268610] Bluetooth: hci0: Secure boot is enabled
[    5.268611] Bluetooth: hci0: OTP lock is enabled
[    5.268611] Bluetooth: hci0: API lock is enabled
[    5.268612] Bluetooth: hci0: Debug lock is disabled
[    5.268613] Bluetooth: hci0: Minimum firmware build 1 week 10 2014
[    5.280274] Bluetooth: hci0: Found device firmware: intel/ibt-20-1-3.sfi
[    5.397745] Bluetooth: BNEP (Ethernet Emulation) ver 1.3
[    5.397747] Bluetooth: BNEP filters: protocol multicast
[    5.397749] Bluetooth: BNEP socket layer initialized
[    5.632132] kauditd_printk_skb: 17 callbacks suppressed
[    5.632133] audit: type=1400 audit(1602813674.034:28): apparmor="DENIED" operation="capable" profile="/usr/sbin/cups-browsed" pid=1197 comm="cups-browsed" capability=23  capname="sys_nice"
[    5.726229] iwlwifi 0000:52:00.0: Applying debug destination EXTERNAL_DRAM
[    5.896904] iwlwifi 0000:52:00.0: FW already configured (0) - re-configuring
[    5.904012] iwlwifi 0000:52:00.0: BIOS contains WGDS but no WRDS
[    7.035253] Bluetooth: hci0: Waiting for firmware download to complete
[    7.035640] Bluetooth: hci0: Firmware loaded in 1737495 usecs
[    7.035733] Bluetooth: hci0: Waiting for device to boot
[    7.050666] Bluetooth: hci0: Device booted in 14660 usecs
[    7.051207] Bluetooth: hci0: Found Intel DDC parameters: intel/ibt-20-1-3.ddc
[    7.052685] Bluetooth: hci0: Applying Intel DDC parameters completed
[    7.109744] NET: Registered protocol family 38
[    9.086499] wlp82s0: authenticate with 90:9d:7d:7a:ef:5d
[    9.092153] wlp82s0: send auth to 90:9d:7d:7a:ef:5d (try 1/3)
[    9.119185] wlp82s0: authenticated
[    9.123203] wlp82s0: associate with 90:9d:7d:7a:ef:5d (try 1/3)
[    9.138554] wlp82s0: RX AssocResp from 90:9d:7d:7a:ef:5d (capab=0x1411 status=0 aid=5)
[    9.146374] wlp82s0: associated
[    9.182186] wlp82s0: Limiting TX power to 27 (30 - 3) dBm as advertised by 90:9d:7d:7a:ef:5d
[    9.183677] IPv6: ADDRCONF(NETDEV_CHANGE): wlp82s0: link becomes ready
[    9.813127] rfkill: input handler disabled
[   10.264056] usb 1-9: reset full-speed USB device number 4 using xhci_hcd
[   11.736581] /dev/vmmon[1795]: Module vmmon: registered with major=10 minor=165
[   11.736582] /dev/vmmon[1795]: Using tsc_khz as TSC frequency: 2591998
[   11.736583] /dev/vmmon[1795]: Module vmmon: initialized
[   11.751224] Guest personality initialized and is inactive
[   11.751268] VMCI host device registered (name=vmci, major=10, minor=57)
[   11.751268] Initialized host personality
[   11.782363] NET: Registered protocol family 40
[   13.040137] userif-3: sent link down event.
[   13.040139] userif-3: sent link up event.
[  104.589748] usb 1-9: reset full-speed USB device number 4 using xhci_hcd
[  109.665391] Bluetooth: RFCOMM TTY layer initialized
[  109.665394] Bluetooth: RFCOMM socket layer initialized
[  109.665397] Bluetooth: RFCOMM ver 1.11
[  109.919299] rfkill: input handler enabled
[  113.923627] rfkill: input handler disabled
[  120.428817] input: Bose QC35 II (AVRCP) as /devices/virtual/input/input22
[  192.134083] mce: CPU9: Core temperature above threshold, cpu clock throttled (total events = 1)
[  192.134084] mce: CPU3: Core temperature above threshold, cpu clock throttled (total events = 1)
[  192.134085] mce: CPU9: Package temperature above threshold, cpu clock throttled (total events = 1)
[  192.134085] mce: CPU3: Package temperature above threshold, cpu clock throttled (total events = 1)
[  192.134121] mce: CPU1: Package temperature above threshold, cpu clock throttled (total events = 1)
[  192.134122] mce: CPU2: Package temperature above threshold, cpu clock throttled (total events = 1)
[  192.134123] mce: CPU0: Package temperature above threshold, cpu clock throttled (total events = 1)
[  192.134124] mce: CPU6: Package temperature above threshold, cpu clock throttled (total events = 1)
[  192.134125] mce: CPU7: Package temperature above threshold, cpu clock throttled (total events = 1)
[  192.134126] mce: CPU8: Package temperature above threshold, cpu clock throttled (total events = 1)
[  192.134127] mce: CPU10: Package temperature above threshold, cpu clock throttled (total events = 1)
[  192.134127] mce: CPU4: Package temperature above threshold, cpu clock throttled (total events = 1)
[  192.134129] mce: CPU11: Package temperature above threshold, cpu clock throttled (total events = 1)
[  192.134129] mce: CPU5: Package temperature above threshold, cpu clock throttled (total events = 1)
[  192.135049] mce: CPU9: Core temperature/speed normal
[  192.135049] mce: CPU3: Core temperature/speed normal
[  192.135050] mce: CPU9: Package temperature/speed normal
[  192.135050] mce: CPU3: Package temperature/speed normal
[  192.135091] mce: CPU7: Package temperature/speed normal
[  192.135092] mce: CPU6: Package temperature/speed normal
[  192.135093] mce: CPU1: Package temperature/speed normal
[  192.135093] mce: CPU0: Package temperature/speed normal
[  192.135094] mce: CPU8: Package temperature/speed normal
[  192.135095] mce: CPU2: Package temperature/speed normal
[  192.135096] mce: CPU11: Package temperature/speed normal
[  192.135096] mce: CPU5: Package temperature/speed normal
[  192.135097] mce: CPU10: Package temperature/speed normal
[  192.135098] mce: CPU4: Package temperature/speed normal
[  782.557554] mce: CPU7: Core temperature above threshold, cpu clock throttled (total events = 1)
[  782.557555] mce: CPU1: Core temperature above threshold, cpu clock throttled (total events = 1)
[  782.557556] mce: CPU7: Package temperature above threshold, cpu clock throttled (total events = 11)
[  782.557556] mce: CPU1: Package temperature above threshold, cpu clock throttled (total events = 11)
[  782.557608] mce: CPU6: Package temperature above threshold, cpu clock throttled (total events = 11)
[  782.557609] mce: CPU0: Package temperature above threshold, cpu clock throttled (total events = 11)
[  782.557610] mce: CPU2: Package temperature above threshold, cpu clock throttled (total events = 11)
[  782.557611] mce: CPU8: Package temperature above threshold, cpu clock throttled (total events = 11)
[  782.557612] mce: CPU3: Package temperature above threshold, cpu clock throttled (total events = 11)
[  782.557613] mce: CPU9: Package temperature above threshold, cpu clock throttled (total events = 11)
[  782.557614] mce: CPU4: Package temperature above threshold, cpu clock throttled (total events = 11)
[  782.557614] mce: CPU10: Package temperature above threshold, cpu clock throttled (total events = 11)
[  782.557616] mce: CPU5: Package temperature above threshold, cpu clock throttled (total events = 11)
[  782.557616] mce: CPU11: Package temperature above threshold, cpu clock throttled (total events = 11)
[  782.558512] mce: CPU7: Core temperature/speed normal
[  782.558512] mce: CPU1: Core temperature/speed normal
[  782.558513] mce: CPU1: Package temperature/speed normal
[  782.558513] mce: CPU7: Package temperature/speed normal
[  782.558572] mce: CPU3: Package temperature/speed normal
[  782.558573] mce: CPU6: Package temperature/speed normal
[  782.558574] mce: CPU8: Package temperature/speed normal
[  782.558574] mce: CPU2: Package temperature/speed normal
[  782.558575] mce: CPU0: Package temperature/speed normal
[  782.558575] mce: CPU9: Package temperature/speed normal
[  782.558576] mce: CPU10: Package temperature/speed normal
[  782.558577] mce: CPU4: Package temperature/speed normal
[  782.558578] mce: CPU5: Package temperature/speed normal
[  782.558578] mce: CPU11: Package temperature/speed normal
[ 2054.722576] /dev/vmmon[10132]: PTSC: initialized at 2591998000 Hz using TSC, TSCs are synchronized.
[ 2054.806048] /dev/vmmon[10132]: Monitor IPI vector: ff
[ 2054.806049] /dev/vmmon[10132]: HV      IPI vector: f2
[ 2074.618522] mce: CPU11: Package temperature above threshold, cpu clock throttled (total events = 684)
[ 2074.618523] mce: CPU6: Package temperature above threshold, cpu clock throttled (total events = 684)
[ 2074.618524] mce: CPU10: Package temperature above threshold, cpu clock throttled (total events = 684)
[ 2074.618525] mce: CPU0: Package temperature above threshold, cpu clock throttled (total events = 684)
[ 2074.618526] mce: CPU5: Package temperature above threshold, cpu clock throttled (total events = 684)
[ 2074.618527] mce: CPU4: Package temperature above threshold, cpu clock throttled (total events = 684)
[ 2074.618528] mce: CPU3: Core temperature above threshold, cpu clock throttled (total events = 11)
[ 2074.618528] mce: CPU9: Core temperature above threshold, cpu clock throttled (total events = 11)
[ 2074.618529] mce: CPU3: Package temperature above threshold, cpu clock throttled (total events = 684)
[ 2074.618530] mce: CPU9: Package temperature above threshold, cpu clock throttled (total events = 684)
[ 2074.618534] mce: CPU7: Package temperature above threshold, cpu clock throttled (total events = 684)
[ 2074.618535] mce: CPU1: Package temperature above threshold, cpu clock throttled (total events = 684)
[ 2074.618561] mce: CPU8: Package temperature above threshold, cpu clock throttled (total events = 684)
[ 2074.618562] mce: CPU2: Package temperature above threshold, cpu clock throttled (total events = 684)
[ 2074.619547] mce: CPU2: Package temperature/speed normal
[ 2074.619548] mce: CPU10: Package temperature/speed normal
[ 2074.619549] mce: CPU6: Package temperature/speed normal
[ 2074.619569] mce: CPU4: Package temperature/speed normal
[ 2074.619569] mce: CPU3: Core temperature/speed normal
[ 2074.619570] mce: CPU9: Core temperature/speed normal
[ 2074.619571] mce: CPU0: Package temperature/speed normal
[ 2074.619571] mce: CPU3: Package temperature/speed normal
[ 2074.619572] mce: CPU9: Package temperature/speed normal
[ 2074.619573] mce: CPU11: Package temperature/speed normal
[ 2074.619573] mce: CPU5: Package temperature/speed normal
[ 2074.619575] mce: CPU7: Package temperature/speed normal
